Component: ARM Compiler 5.06 update 6 (build 750) Tool: armlink [4d35ed]

==============================================================================

Section Cross References

    startup_stm32l476xx.o(RESET) refers to startup_stm32l476xx.o(STACK) for __initial_sp
    startup_stm32l476xx.o(RESET) refers to startup_stm32l476xx.o(.text) for Reset_Handler
    startup_stm32l476xx.o(RESET) refers to stm32l4xx_it.o(i.NMI_Handler) for NMI_Handler
    startup_stm32l476xx.o(RESET) refers to stm32l4xx_it.o(i.HardFault_Handler) for HardFault_Handler
    startup_stm32l476xx.o(RESET) refers to stm32l4xx_it.o(i.MemManage_Handler) for MemManage_Handler
    startup_stm32l476xx.o(RESET) refers to stm32l4xx_it.o(i.BusFault_Handler) for BusFault_Handler
    startup_stm32l476xx.o(RESET) refers to stm32l4xx_it.o(i.UsageFault_Handler) for UsageFault_Handler
    startup_stm32l476xx.o(RESET) refers to stm32l4xx_it.o(i.SVC_Handler) for SVC_Handler
    startup_stm32l476xx.o(RESET) refers to stm32l4xx_it.o(i.DebugMon_Handler) for DebugMon_Handler
    startup_stm32l476xx.o(RESET) refers to stm32l4xx_it.o(i.PendSV_Handler) for PendSV_Handler
    startup_stm32l476xx.o(RESET) refers to stm32l4xx_it.o(i.SysTick_Handler) for SysTick_Handler
    startup_stm32l476xx.o(RESET) refers to stm32l4xx_it.o(i.I2C1_EV_IRQHandler) for I2C1_EV_IRQHandler
    startup_stm32l476xx.o(RESET) refers to stm32l4xx_it.o(i.I2C1_ER_IRQHandler) for I2C1_ER_IRQHandler
    startup_stm32l476xx.o(.text) refers to system_stm32l4xx.o(i.SystemInit) for SystemInit
    startup_stm32l476xx.o(.text) refers to entry.o(.ARM.Collect$$$$00000000) for __main
    main.o(i.MX_GPIO_Init) refers to memseta.o(.text) for __aeabi_memclr4
    main.o(i.MX_GPIO_Init) refers to stm32l4xx_hal_gpio.o(i.HAL_GPIO_WritePin) for HAL_GPIO_WritePin
    main.o(i.MX_GPIO_Init) refers to stm32l4xx_hal_gpio.o(i.HAL_GPIO_Init) for HAL_GPIO_Init
    main.o(i.MX_I2C1_Init) refers to stm32l4xx_hal_i2c.o(i.HAL_I2C_Init) for HAL_I2C_Init
    main.o(i.MX_I2C1_Init) refers to stm32l4xx_hal_i2c_ex.o(i.HAL_I2CEx_ConfigAnalogFilter) for HAL_I2CEx_ConfigAnalogFilter
    main.o(i.MX_I2C1_Init) refers to stm32l4xx_hal_i2c_ex.o(i.HAL_I2CEx_ConfigDigitalFilter) for HAL_I2CEx_ConfigDigitalFilter
    main.o(i.MX_I2C1_Init) refers to main.o(.bss) for .bss
    main.o(i.MX_I2C2_Init) refers to stm32l4xx_hal_i2c.o(i.HAL_I2C_Init) for HAL_I2C_Init
    main.o(i.MX_I2C2_Init) refers to stm32l4xx_hal_i2c_ex.o(i.HAL_I2CEx_ConfigAnalogFilter) for HAL_I2CEx_ConfigAnalogFilter
    main.o(i.MX_I2C2_Init) refers to stm32l4xx_hal_i2c_ex.o(i.HAL_I2CEx_ConfigDigitalFilter) for HAL_I2CEx_ConfigDigitalFilter
    main.o(i.MX_I2C2_Init) refers to main.o(.bss) for .bss
    main.o(i.MX_I2C3_Init) refers to stm32l4xx_hal_i2c.o(i.HAL_I2C_Init) for HAL_I2C_Init
    main.o(i.MX_I2C3_Init) refers to stm32l4xx_hal_i2c_ex.o(i.HAL_I2CEx_ConfigAnalogFilter) for HAL_I2CEx_ConfigAnalogFilter
    main.o(i.MX_I2C3_Init) refers to stm32l4xx_hal_i2c_ex.o(i.HAL_I2CEx_ConfigDigitalFilter) for HAL_I2CEx_ConfigDigitalFilter
    main.o(i.MX_I2C3_Init) refers to main.o(.bss) for .bss
    main.o(i.MX_TIM1_Init) refers to memseta.o(.text) for __aeabi_memclr4
    main.o(i.MX_TIM1_Init) refers to stm32l4xx_hal_tim.o(i.HAL_TIM_PWM_Init) for HAL_TIM_PWM_Init
    main.o(i.MX_TIM1_Init) refers to stm32l4xx_hal_tim_ex.o(i.HAL_TIMEx_MasterConfigSynchronization) for HAL_TIMEx_MasterConfigSynchronization
    main.o(i.MX_TIM1_Init) refers to stm32l4xx_hal_tim.o(i.HAL_TIM_PWM_ConfigChannel) for HAL_TIM_PWM_ConfigChannel
    main.o(i.MX_TIM1_Init) refers to stm32l4xx_hal_tim_ex.o(i.HAL_TIMEx_ConfigBreakDeadTime) for HAL_TIMEx_ConfigBreakDeadTime
    main.o(i.MX_TIM1_Init) refers to stm32l4xx_hal_msp.o(i.HAL_TIM_MspPostInit) for HAL_TIM_MspPostInit
    main.o(i.MX_TIM1_Init) refers to main.o(.bss) for .bss
    main.o(i.MX_TIM2_Init) refers to memseta.o(.text) for __aeabi_memclr4
    main.o(i.MX_TIM2_Init) refers to stm32l4xx_hal_tim.o(i.HAL_TIM_PWM_Init) for HAL_TIM_PWM_Init
    main.o(i.MX_TIM2_Init) refers to stm32l4xx_hal_tim_ex.o(i.HAL_TIMEx_MasterConfigSynchronization) for HAL_TIMEx_MasterConfigSynchronization
    main.o(i.MX_TIM2_Init) refers to stm32l4xx_hal_tim.o(i.HAL_TIM_PWM_ConfigChannel) for HAL_TIM_PWM_ConfigChannel
    main.o(i.MX_TIM2_Init) refers to stm32l4xx_hal_msp.o(i.HAL_TIM_MspPostInit) for HAL_TIM_MspPostInit
    main.o(i.MX_TIM2_Init) refers to main.o(.bss) for .bss
    main.o(i.MX_TIM3_Init) refers to memseta.o(.text) for __aeabi_memclr4
    main.o(i.MX_TIM3_Init) refers to stm32l4xx_hal_tim.o(i.HAL_TIM_PWM_Init) for HAL_TIM_PWM_Init
    main.o(i.MX_TIM3_Init) refers to stm32l4xx_hal_tim_ex.o(i.HAL_TIMEx_MasterConfigSynchronization) for HAL_TIMEx_MasterConfigSynchronization
    main.o(i.MX_TIM3_Init) refers to stm32l4xx_hal_tim.o(i.HAL_TIM_PWM_ConfigChannel) for HAL_TIM_PWM_ConfigChannel
    main.o(i.MX_TIM3_Init) refers to stm32l4xx_hal_msp.o(i.HAL_TIM_MspPostInit) for HAL_TIM_MspPostInit
    main.o(i.MX_TIM3_Init) refers to main.o(.bss) for .bss
[...]
    Removing stm32l4xx_hal.o(i.HAL_GetHalVersion), (8 bytes).
    Removing stm32l4xx_hal.o(i.HAL_GetREVID), (12 bytes).
    Removing stm32l4xx_hal.o(i.HAL_GetUIDw0), (12 bytes).
    Removing stm32l4xx_hal.o(i.HAL_GetUIDw1), (12 bytes).
    Removing stm32l4xx_hal.o(i.HAL_GetUIDw2), (12 bytes).
    Removing stm32l4xx_hal.o(i.HAL_MspDeInit), (2 bytes).
    Removing stm32l4xx_hal.o(i.HAL_MspInit), (2 bytes).
    Removing stm32l4xx_hal.o(i.HAL_ResumeTick), (14 bytes).
    Removing stm32l4xx_hal.o(i.HAL_SYSCFG_DisableIOAnalogSwitchBooster), (16 bytes).
    Removing stm32l4xx_hal.o(i.HAL_SYSCFG_DisableMemorySwappingBank), (12 bytes).
    Removing stm32l4xx_hal.o(i.HAL_SYSCFG_DisableVREFBUF), (16 bytes).
    Removing stm32l4xx_hal.o(i.HAL_SYSCFG_EnableIOAnalogSwitchBooster), (16 bytes).
    Removing stm32l4xx_hal.o(i.HAL_SYSCFG_EnableMemorySwappingBank), (12 bytes).
    Removing stm32l4xx_hal.o(i.HAL_SYSCFG_EnableVREFBUF), (48 bytes).
    Removing stm32l4xx_hal.o(i.HAL_SYSCFG_SRAM2Erase), (28 bytes).
    Removing stm32l4xx_hal.o(i.HAL_SYSCFG_VREFBUF_HighImpedanceConfig), (20 bytes).
    Removing stm32l4xx_hal.o(i.HAL_SYSCFG_VREFBUF_TrimmingConfig), (20 bytes).
    Removing stm32l4xx_hal.o(i.HAL_SYSCFG_VREFBUF_VoltageScalingConfig), (20 bytes).
    Removing stm32l4xx_hal.o(i.HAL_SuspendTick), (14 bytes).
    Removing stm32l4xx_hal_rcc.o(.rev16_text), (4 bytes).
    Removing stm32l4xx_hal_rcc.o(.revsh_text), (4 bytes).
    Removing stm32l4xx_hal_rcc.o(.rrx_text), (6 bytes).
    Removing stm32l4xx_hal_rcc.o(i.HAL_RCC_CSSCallback), (2 bytes).
    Removing stm32l4xx_hal_rcc.o(i.HAL_RCC_DeInit), (224 bytes).
    Removing stm32l4xx_hal_rcc.o(i.HAL_RCC_EnableCSS), (16 bytes).
    Removing stm32l4xx_hal_rcc.o(i.HAL_RCC_GetClockConfig), (64 bytes).
    Removing stm32l4xx_hal_rcc.o(i.HAL_RCC_GetHCLKFreq), (12 bytes).
    Removing stm32l4xx_hal_rcc.o(i.HAL_RCC_GetOscConfig), (224 bytes).
    Removing stm32l4xx_hal_rcc.o(i.HAL_RCC_MCOConfig), (72 bytes).
    Removing stm32l4xx_hal_rcc.o(i.HAL_RCC_NMI_IRQHandler), (24 bytes).
    Removing stm32l4xx_hal_rcc_ex.o(.rev16_text), (4 bytes).
    Removing stm32l4xx_hal_rcc_ex.o(.revsh_text), (4 bytes).
    Removing stm32l4xx_hal_rcc_ex.o(.rrx_text), (6 bytes).
    Removing stm32l4xx_hal_rcc_ex.o(i.HAL_RCCEx_DisableLSCO), (88 bytes).
    Removing stm32l4xx_hal_rcc_ex.o(i.HAL_RCCEx_DisableLSECSS), (28 bytes).
    Removing stm32l4xx_hal_rcc_ex.o(i.HAL_RCCEx_DisableMSIPLLMode), (16 bytes).
    Removing stm32l4xx_hal_rcc_ex.o(i.HAL_RCCEx_DisablePLLSAI1), (80 bytes).
    Removing stm32l4xx_hal_rcc_ex.o(i.HAL_RCCEx_DisablePLLSAI2), (80 bytes).
    Removing stm32l4xx_hal_rcc_ex.o(i.HAL_RCCEx_EnableLSCO), (140 bytes).
    Removing stm32l4xx_hal_rcc_ex.o(i.HAL_RCCEx_EnableLSECSS), (20 bytes).
    Removing stm32l4xx_hal_rcc_ex.o(i.HAL_RCCEx_EnableLSECSS_IT), (56 bytes).
    Removing stm32l4xx_hal_rcc_ex.o(i.HAL_RCCEx_EnableMSIPLLMode), (16 bytes).
    Removing stm32l4xx_hal_rcc_ex.o(i.HAL_RCCEx_EnablePLLSAI1), (144 bytes).
    Removing stm32l4xx_hal_rcc_ex.o(i.HAL_RCCEx_EnablePLLSAI2), (128 bytes).
    Removing stm32l4xx_hal_rcc_ex.o(i.HAL_RCCEx_GetPeriphCLKConfig), (288 bytes).
    Removing stm32l4xx_hal_rcc_ex.o(i.HAL_RCCEx_GetPeriphCLKFreq), (978 bytes).
    Removing stm32l4xx_hal_rcc_ex.o(i.HAL_RCCEx_LSECSS_Callback), (2 bytes).
    Removing stm32l4xx_hal_rcc_ex.o(i.HAL_RCCEx_LSECSS_IRQHandler), (24 bytes).
    Removing stm32l4xx_hal_rcc_ex.o(i.HAL_RCCEx_StandbyMSIRangeConfig), (24 bytes).
    Removing stm32l4xx_hal_rcc_ex.o(i.HAL_RCCEx_WakeUpStopCLKConfig), (20 bytes).
    Removing stm32l4xx_hal_rcc_ex.o(i.RCCEx_GetSAIxPeriphCLKFreq), (208 bytes).
    Removing stm32l4xx_hal_flash.o(.rev16_text), (4 bytes).
    Removing stm32l4xx_hal_flash.o(.revsh_text), (4 bytes).
    Removing stm32l4xx_hal_flash.o(.rrx_text), (6 bytes).
    Removing stm32l4xx_hal_flash.o(i.FLASH_Program_DoubleWord), (24 bytes).
    Removing stm32l4xx_hal_flash.o(i.FLASH_Program_Fast), (36 bytes).
    Removing stm32l4xx_hal_flash.o(i.FLASH_WaitForLastOperation), (116 bytes).
    Removing stm32l4xx_hal_flash.o(i.HAL_FLASH_EndOfOperationCallback), (2 bytes).
    Removing stm32l4xx_hal_flash.o(i.HAL_FLASH_GetError), (12 bytes).
    Removing stm32l4xx_hal_flash.o(i.HAL_FLASH_IRQHandler), (260 bytes).
    Removing stm32l4xx_hal_flash.o(i.HAL_FLASH_Lock), (20 bytes).
    Removing stm32l4xx_hal_flash.o(i.HAL_FLASH_OB_Launch), (24 bytes).
    Removing stm32l4xx_hal_flash.o(i.HAL_FLASH_OB_Lock), (20 bytes).
    Removing stm32l4xx_hal_flash.o(i.HAL_FLASH_OB_Unlock), (36 bytes).
    Removing stm32l4xx_hal_flash.o(i.HAL_FLASH_OperationErrorCallback), (2 bytes).
    Removing stm32l4xx_hal_flash.o(i.HAL_FLASH_Program), (170 bytes).
    Removing stm32l4xx_hal_flash.o(i.HAL_FLASH_Program_IT), (120 bytes).
    Removing stm32l4xx_hal_flash.o(i.HAL_FLASH_Unlock), (40 bytes).
    Removing stm32l4xx_hal_flash.o(.data), (32 bytes).
    Removing stm32l4xx_hal_flash_ex.o(.rev16_text), (4 bytes).
    Removing stm32l4xx_hal_flash_ex.o(.revsh_text), (4 bytes).
    Removing stm32l4xx_hal_flash_ex.o(.rrx_text), (6 bytes).
    Removing stm32l4xx_hal_flash_ex.o(i.FLASH_FlushCaches), (84 bytes).
    Removing stm32l4xx_hal_flash_ex.o(i.FLASH_MassErase), (40 bytes).
    Removing stm32l4xx_hal_flash_ex.o(i.FLASH_OB_GetPCROP), (140 bytes).
    Removing stm32l4xx_hal_flash_ex.o(i.FLASH_OB_PCROPConfig), (200 bytes).
    Removing stm32l4xx_hal_flash_ex.o(i.FLASH_OB_UserConfig), (248 bytes).
    Removing stm32l4xx_hal_flash_ex.o(i.FLASH_OB_WRPConfig), (124 bytes).
    Removing stm32l4xx_hal_flash_ex.o(i.FLASH_PageErase), (52 bytes).
    Removing stm32l4xx_hal_flash_ex.o(i.HAL_FLASHEx_Erase), (234 bytes).
    Removing stm32l4xx_hal_flash_ex.o(i.HAL_FLASHEx_Erase_IT), (148 bytes).
    Removing stm32l4xx_hal_flash_ex.o(i.HAL_FLASHEx_OBGetConfig), (152 bytes).
    Removing stm32l4xx_hal_flash_ex.o(i.HAL_FLASHEx_OBProgram), (172 bytes).
    Removing stm32l4xx_hal_flash_ramfunc.o(.rev16_text), (4 bytes).
    Removing stm32l4xx_hal_flash_ramfunc.o(.revsh_text), (4 bytes).
    Removing stm32l4xx_hal_flash_ramfunc.o(.rrx_text), (6 bytes).
    Removing stm32l4xx_hal_flash_ramfunc.o(i.HAL_FLASHEx_DisableRunPowerDown), (36 bytes).
    Removing stm32l4xx_hal_flash_ramfunc.o(i.HAL_FLASHEx_EnableRunPowerDown), (36 bytes).
    Removing stm32l4xx_hal_gpio.o(.rev16_text), (4 bytes).
    Removing stm32l4xx_hal_gpio.o(.revsh_text), (4 bytes).
    Removing stm32l4xx_hal_gpio.o(.rrx_text), (6 bytes).
    Removing stm32l4xx_hal_gpio.o(i.HAL_GPIO_DeInit), (338 bytes).
    Removing stm32l4xx_hal_gpio.o(i.HAL_GPIO_EXTI_Callback), (2 bytes).
    Removing stm32l4xx_hal_gpio.o(i.HAL_GPIO_EXTI_IRQHandler), (24 bytes).
    Removing stm32l4xx_hal_gpio.o(i.HAL_GPIO_LockPin), (34 bytes).
    Removing stm32l4xx_hal_gpio.o(i.HAL_GPIO_ReadPin), (10 bytes).
    Removing stm32l4xx_hal_dma.o(.rev16_text), (4 bytes).
    Removing stm32l4xx_hal_dma.o(.revsh_text), (4 bytes).
    Removing stm32l4xx_hal_dma.o(.rrx_text), (6 bytes).
    Removing stm32l4xx_hal_dma.o(i.DMA_SetConfig), (46 bytes).
    Removing stm32l4xx_hal_dma.o(i.HAL_DMA_Abort), (58 bytes).
    Removing stm32l4xx_hal_dma.o(i.HAL_DMA_DeInit), (156 bytes).
    Removing stm32l4xx_hal_dma.o(i.HAL_DMA_GetError), (4 bytes).
    Removing stm32l4xx_hal_dma.o(i.HAL_DMA_GetState), (6 bytes).
    Removing stm32l4xx_hal_dma.o(i.HAL_DMA_IRQHandler), (186 bytes).
    Removing stm32l4xx_hal_dma.o(i.HAL_DMA_Init), (192 bytes).
    Removing stm32l4xx_hal_dma.o(i.HAL_DMA_PollForTransfer), (222 bytes).
    Removing stm32l4xx_hal_dma.o(i.HAL_DMA_RegisterCallback), (74 bytes).
    Removing stm32l4xx_hal_dma.o(i.HAL_DMA_Start), (80 bytes).
    Removing stm32l4xx_hal_dma.o(i.HAL_DMA_Start_IT), (112 bytes).
    Removing stm32l4xx_hal_dma.o(i.HAL_DMA_UnRegisterCallback), (82 bytes).
    Removing stm32l4xx_hal_dma_ex.o(.rev16_text), (4 bytes).
    Removing stm32l4xx_hal_dma_ex.o(.revsh_text), (4 bytes).
    Removing stm32l4xx_hal_dma_ex.o(.rrx_text), (6 bytes).
    Removing stm32l4xx_hal_pwr.o(.rev16_text), (4 bytes).
    Removing stm32l4xx_hal_pwr.o(.revsh_text), (4 bytes).
    Removing stm32l4xx_hal_pwr.o(.rrx_text), (6 bytes).
    Removing stm32l4xx_hal_pwr.o(i.HAL_PWR_ConfigPVD), (128 bytes).
    Removing stm32l4xx_hal_pwr.o(i.HAL_PWR_DeInit), (24 bytes).
    Removing stm32l4xx_hal_pwr.o(i.HAL_PWR_DisableBkUpAccess), (16 bytes).
    Removing stm32l4xx_hal_pwr.o(i.HAL_PWR_DisablePVD), (16 bytes).
    Removing stm32l4xx_hal_pwr.o(i.HAL_PWR_DisableSEVOnPend), (16 bytes).
    Removing stm32l4xx_hal_pwr.o(i.HAL_PWR_DisableSleepOnExit), (16 bytes).
    Removing stm32l4xx_hal_pwr.o(i.HAL_PWR_DisableWakeUpPin), (20 bytes).
    Removing stm32l4xx_hal_pwr.o(i.HAL_PWR_EnableBkUpAccess), (16 bytes).
    Removing stm32l4xx_hal_pwr.o(i.HAL_PWR_EnablePVD), (16 bytes).
    Removing stm32l4xx_hal_pwr.o(i.HAL_PWR_EnableSEVOnPend), (16 bytes).
    Removing stm32l4xx_hal_pwr.o(i.HAL_PWR_EnableSleepOnExit), (16 bytes).
    Removing stm32l4xx_hal_pwr.o(i.HAL_PWR_EnableWakeUpPin), (28 bytes).
    Removing stm32l4xx_hal_pwr.o(i.HAL_PWR_EnterSLEEPMode), (72 bytes).
    Removing stm32l4xx_hal_pwr.o(i.HAL_PWR_EnterSTANDBYMode), (36 bytes).
    Removing stm32l4xx_hal_pwr.o(i.HAL_PWR_EnterSTOPMode), (16 bytes).
    Removing stm32l4xx_hal_pwr.o(i.HAL_PWR_PVDCallback), (2 bytes).
    Removing stm32l4xx_hal_pwr_ex.o(.rev16_text), (4 bytes).
    Removing stm32l4xx_hal_pwr_ex.o(.revsh_text), (4 bytes).
    Removing stm32l4xx_hal_pwr_ex.o(.rrx_text), (6 bytes).
    Removing stm32l4xx_hal_pwr_ex.o(i.HAL_PWREx_ConfigPVM), (400 bytes).
    Removing stm32l4xx_hal_pwr_ex.o(i.HAL_PWREx_DisableBatteryCharging), (16 bytes).
    Removing stm32l4xx_hal_pwr_ex.o(i.HAL_PWREx_DisableGPIOPullDown), (108 bytes).
    Removing stm32l4xx_hal_pwr_ex.o(i.HAL_PWREx_DisableGPIOPullUp), (104 bytes).
    Removing stm32l4xx_hal_pwr_ex.o(i.HAL_PWREx_DisableInternalWakeUpLine), (16 bytes).
    Removing stm32l4xx_hal_pwr_ex.o(i.HAL_PWREx_DisableLowPowerRunMode), (68 bytes).
    Removing stm32l4xx_hal_pwr_ex.o(i.HAL_PWREx_DisablePVM1), (16 bytes).
    Removing stm32l4xx_hal_pwr_ex.o(i.HAL_PWREx_DisablePVM2), (16 bytes).
    Removing stm32l4xx_hal_pwr_ex.o(i.HAL_PWREx_DisablePVM3), (16 bytes).
    Removing stm32l4xx_hal_pwr_ex.o(i.HAL_PWREx_DisablePVM4), (16 bytes).
    Removing stm32l4xx_hal_pwr_ex.o(i.HAL_PWREx_DisablePullUpPullDownConfig), (16 bytes).
    Removing stm32l4xx_hal_pwr_ex.o(i.HAL_PWREx_DisableSRAM2ContentRetention), (16 bytes).
    Removing stm32l4xx_hal_pwr_ex.o(i.HAL_PWREx_DisableVddIO2), (16 bytes).
    Removing stm32l4xx_hal_pwr_ex.o(i.HAL_PWREx_DisableVddUSB), (16 bytes).
    Removing stm32l4xx_hal_pwr_ex.o(i.HAL_PWREx_EnableBatteryCharging), (28 bytes).
    Removing stm32l4xx_hal_pwr_ex.o(i.HAL_PWREx_EnableGPIOPullDown), (160 bytes).
    Removing stm32l4xx_hal_pwr_ex.o(i.HAL_PWREx_EnableGPIOPullUp), (160 bytes).
    Removing stm32l4xx_hal_pwr_ex.o(i.HAL_PWREx_EnableInternalWakeUpLine), (16 bytes).
    Removing stm32l4xx_hal_pwr_ex.o(i.HAL_PWREx_EnableLowPowerRunMode), (16 bytes).
    Removing stm32l4xx_hal_pwr_ex.o(i.HAL_PWREx_EnablePVM1), (16 bytes).
    Removing stm32l4xx_hal_pwr_ex.o(i.HAL_PWREx_EnablePVM2), (16 bytes).
    Removing stm32l4xx_hal_pwr_ex.o(i.HAL_PWREx_EnablePVM3), (16 bytes).
    Removing stm32l4xx_hal_pwr_ex.o(i.HAL_PWREx_EnablePVM4), (16 bytes).
    Removing stm32l4xx_hal_pwr_ex.o(i.HAL_PWREx_EnablePullUpPullDownConfig), (16 bytes).
    Removing stm32l4xx_hal_pwr_ex.o(i.HAL_PWREx_EnableSRAM2ContentRetention), (16 bytes).
    Removing stm32l4xx_hal_pwr_ex.o(i.HAL_PWREx_EnableVddIO2), (16 bytes).
    Removing stm32l4xx_hal_pwr_ex.o(i.HAL_PWREx_EnableVddUSB), (16 bytes).
    Removing stm32l4xx_hal_pwr_ex.o(i.HAL_PWREx_EnterSHUTDOWNMode), (36 bytes).
    Removing stm32l4xx_hal_pwr_ex.o(i.HAL_PWREx_EnterSTOP0Mode), (52 bytes).
    Removing stm32l4xx_hal_pwr_ex.o(i.HAL_PWREx_EnterSTOP1Mode), (56 bytes).
    Removing stm32l4xx_hal_pwr_ex.o(i.HAL_PWREx_EnterSTOP2Mode), (56 bytes).
    Removing stm32l4xx_hal_pwr_ex.o(i.HAL_PWREx_PVD_PVM_IRQHandler), (88 bytes).
    Removing stm32l4xx_hal_pwr_ex.o(i.HAL_PWREx_PVM1Callback), (2 bytes).
    Removing stm32l4xx_hal_pwr_ex.o(i.HAL_PWREx_PVM2Callback), (2 bytes).
    Removing stm32l4xx_hal_pwr_ex.o(i.HAL_PWREx_PVM3Callback), (2 bytes).
    Removing stm32l4xx_hal_pwr_ex.o(i.HAL_PWREx_PVM4Callback), (2 bytes).
    Removing stm32l4xx_hal_cortex.o(.rev16_text), (4 bytes).
    Removing stm32l4xx_hal_cortex.o(.revsh_text), (4 bytes).
    Removing stm32l4xx_hal_cortex.o(.rrx_text), (6 bytes).
    Removing stm32l4xx_hal_cortex.o(i.HAL_MPU_ConfigRegion), (84 bytes).
    Removing stm32l4xx_hal_cortex.o(i.HAL_MPU_Disable), (28 bytes).
    Removing stm32l4xx_hal_cortex.o(i.HAL_MPU_Enable), (36 bytes).
    Removing stm32l4xx_hal_cortex.o(i.HAL_NVIC_ClearPendingIRQ), (22 bytes).
    Removing stm32l4xx_hal_cortex.o(i.HAL_NVIC_DisableIRQ), (22 bytes).
    Removing stm32l4xx_hal_cortex.o(i.HAL_NVIC_GetActive), (32 bytes).
    Removing stm32l4xx_hal_cortex.o(i.HAL_NVIC_GetPendingIRQ), (32 bytes).
    Removing stm32l4xx_hal_cortex.o(i.HAL_NVIC_GetPriority), (82 bytes).
    Removing stm32l4xx_hal_cortex.o(i.HAL_NVIC_GetPriorityGrouping), (16 bytes).
    Removing stm32l4xx_hal_cortex.o(i.HAL_NVIC_SetPendingIRQ), (22 bytes).
    Removing stm32l4xx_hal_cortex.o(i.HAL_NVIC_SystemReset), (36 bytes).
    Removing stm32l4xx_hal_cortex.o(i.HAL_SYSTICK_CLKSourceConfig), (24 bytes).
    Removing stm32l4xx_hal_cortex.o(i.HAL_SYSTICK_Callback), (2 bytes).
    Removing stm32l4xx_hal_cortex.o(i.HAL_SYSTICK_IRQHandler), (8 bytes).
    Removing system_stm32l4xx.o(.rev16_text), (4 bytes).
    Removing system_stm32l4xx.o(.revsh_text), (4 bytes).
    Removing system_stm32l4xx.o(.rrx_text), (6 bytes).
    Removing system_stm32l4xx.o(i.SystemCoreClockUpdate), (168 bytes).
    Removing dadd.o(.text), (350 bytes).
    Removing dmul.o(.text), (234 bytes).
    Removing ddiv.o(.text), (222 bytes).
    Removing dfixul.o(.text), (48 bytes).
    Removing cdrcmple.o(.text), (48 bytes).
    Removing depilogue.o(.text), (186 bytes).

506 unused section(s) (total 35839 bytes) removed from the image.

==============================================================================

Image Symbol Table

    Local Symbols

    Symbol Name                              Value     Ov Type        Size  Object(Section)

    ../Core/Src/main.c                       0x00000000   Number         0  main.o ABSOLUTE
    ../Core/Src/stm32l4xx_hal_msp.c          0x00000000   Number         0  stm32l4xx_hal_msp.o ABSOLUTE
    ../Core/Src/stm32l4xx_it.c               0x00000000   Number         0  stm32l4xx_it.o ABSOLUTE
    ../Core/Src/system_stm32l4xx.c           0x00000000   Number         0  system_stm32l4xx.o ABSOLUTE
    ../Drivers/STM32L4xx_HAL_Driver/Src/stm32l4xx_hal.c 0x00000000   Number         0  stm32l4xx_hal.o ABSOLUTE
    ../Drivers/STM32L4xx_HAL_Driver/Src/stm32l4xx_hal_cortex.c 0x00000000   Number         0  stm32l4xx_hal_cortex.o ABSOLUTE
    ../Drivers/STM32L4xx_HAL_Driver/Src/stm32l4xx_hal_dma.c 0x00000000   Number         0  stm32l4xx_hal_dma.o ABSOLUTE
    ../Drivers/STM32L4xx_HAL_Driver/Src/stm32l4xx_hal_dma_ex.c 0x00000000   Number         0  stm32l4xx_hal_dma_ex.o ABSOLUTE
    ../Drivers/STM32L4xx_HAL_Driver/Src/stm32l4xx_hal_flash.c 0x00000000   Number         0  stm32l4xx_hal_flash.o ABSOLUTE
    ../Drivers/STM32L4xx_HAL_Driver/Src/stm32l4xx_hal_flash_ex.c 0x00000000   Number         0  stm32l4xx_hal_flash_ex.o ABSOLUTE
    ../Drivers/STM32L4xx_HAL_Driver/Src/stm32l4xx_hal_flash_ramfunc.c 0x00000000   Number         0  stm32l4xx_hal_flash_ramfunc.o ABSOLUTE
    ../Drivers/STM32L4xx_HAL_Driver/Src/stm32l4xx_hal_gpio.c 0x00000000   Number         0  stm32l4xx_hal_gpio.o ABSOLUTE
    ../Drivers/STM32L4xx_HAL_Driver/Src/stm32l4xx_hal_i2c.c 0x00000000   Number         0  stm32l4xx_hal_i2c.o ABSOLUTE
    ../Drivers/STM32L4xx_HAL_Driver/Src/stm32l4xx_hal_i2c_ex.c 0x00000000   Number         0  stm32l4xx_hal_i2c_ex.o ABSOLUTE
    ../Drivers/STM32L4xx_HAL_Driver/Src/stm32l4xx_hal_pwr.c 0x00000000   Number         0  stm32l4xx_hal_pwr.o ABSOLUTE
    ../Drivers/STM32L4xx_HAL_Driver/Src/stm32l4xx_hal_pwr_ex.c 0x00000000   Number         0  stm32l4xx_hal_pwr_ex.o ABSOLUTE
    ../Drivers/STM32L4xx_HAL_Driver/Src/stm32l4xx_hal_rcc.c 0x00000000   Number         0  stm32l4xx_hal_rcc.o ABSOLUTE
    ../Drivers/STM32L4xx_HAL_Driver/Src/stm32l4xx_hal_rcc_ex.c 0x00000000   Number         0  stm32l4xx_hal_rcc_ex.o ABSOLUTE
    ../Drivers/STM32L4xx_HAL_Driver/Src/stm32l4xx_hal_tim.c 0x00000000   Number         0  stm32l4xx_hal_tim.o ABSOLUTE
    ../Drivers/STM32L4xx_HAL_Driver/Src/stm32l4xx_hal_tim_ex.c 0x00000000   Number         0  stm32l4xx_hal_tim_ex.o ABSOLUTE
    ../Drivers/STM32L4xx_HAL_Driver/Src/stm32l4xx_hal_uart.c 0x00000000   Number         0  stm32l4xx_hal_uart.o ABSOLUTE
    ../Drivers/STM32L4xx_HAL_Driver/Src/stm32l4xx_hal_uart_ex.c 0x00000000   Number         0  stm32l4xx_hal_uart_ex.o ABSOLUTE
    ../clib/microlib/division.c              0x00000000   Number         0  uldiv.o ABSOLUTE
    ../clib/microlib/division.c              0x00000000   Number         0  uidiv.o ABSOLUTE
    ../clib/microlib/init/entry.s            0x00000000   Number         0  entry11b.o ABSOLUTE
    ../clib/microlib/init/entry.s            0x00000000   Number         0  entry11a.o ABSOLUTE
    ../clib/microlib/init/entry.s            0x00000000   Number         0  entry10b.o ABSOLUTE
    ../clib/microlib/init/entry.s            0x00000000   Number         0  entry10a.o ABSOLUTE
    ../clib/microlib/init/entry.s            0x00000000   Number         0  entry9b.o ABSOLUTE
    ../clib/microlib/init/entry.s            0x00000000   Number         0  entry9a.o ABSOLUTE
    ../clib/microlib/init/entry.s            0x00000000   Number         0  entry8a.o ABSOLUTE
    ../clib/microlib/init/entry.s            0x00000000   Number         0  entry.o ABSOLUTE
    ../clib/microlib/init/entry.s            0x00000000   Number         0  entry7b.o ABSOLUTE
    ../clib/microlib/init/entry.s            0x00000000   Number         0  entry8b.o ABSOLUTE
    ../clib/microlib/init/entry.s            0x00000000   Number         0  entry7a.o ABSOLUTE
    ../clib/microlib/init/entry.s            0x00000000   Number         0  entry2.o ABSOLUTE
    ../clib/microlib/init/entry.s            0x00000000   Number         0  entry5.o ABSOLUTE
    ../clib/microlib/longlong.c              0x00000000   Number         0  llsshr.o ABSOLUTE
    ../clib/microlib/longlong.c              0x00000000   Number         0  llushr.o ABSOLUTE
    ../clib/microlib/longlong.c              0x00000000   Number         0  llshl.o ABSOLUTE
    ../clib/microlib/printf/printf.c         0x00000000   Number         0  printf1.o ABSOLUTE
    ../clib/microlib/printf/printf.c         0x00000000   Number         0  printf0.o ABSOLUTE
    ../clib/microlib/printf/printf.c         0x00000000   Number         0  printfb.o ABSOLUTE
    ../clib/microlib/printf/printf.c         0x00000000   Number         0  printf2.o ABSOLUTE
    ../clib/microlib/printf/printf.c         0x00000000   Number         0  printfa.o ABSOLUTE
    ../clib/microlib/printf/printf.c         0x00000000   Number         0  printf8.o ABSOLUTE
    ../clib/microlib/printf/printf.c         0x00000000   Number         0  printf7.o ABSOLUTE
    ../clib/microlib/printf/printf.c         0x00000000   Number         0  printf6.o ABSOLUTE
    ../clib/microlib/printf/printf.c         0x00000000   Number         0  printf5.o ABSOLUTE
    ../clib/microlib/printf/printf.c         0x00000000   Number         0  printf4.o ABSOLUTE
    ../clib/microlib/printf/printf.c         0x00000000   Number         0  printf3.o ABSOLUTE
    ../clib/microlib/printf/stubs.s          0x00000000   Number         0  stubs.o ABSOLUTE
    ../clib/microlib/stdio/fputc.c           0x00000000   Number         0  fputc.o ABSOLUTE
    ../clib/microlib/stdio/semi.s            0x00000000   Number         0  semi.o ABSOLUTE
    ../clib/microlib/stdio/streams.c         0x00000000   Number         0  stdout.o ABSOLUTE
    ../clib/microlib/string/memcpy.c         0x00000000   Number         0  memcpyb.o ABSOLUTE
    ../clib/microlib/string/memcpy.c         0x00000000   Number         0  memcpya.o ABSOLUTE
    ../clib/microlib/string/memset.c         0x00000000   Number         0  memseta.o ABSOLUTE
    ../clib/microlib/stubs.s                 0x00000000   Number         0  iusesemip.o ABSOLUTE
    ../clib/microlib/stubs.s                 0x00000000   Number         0  iusefp.o ABSOLUTE
    ../fplib/microlib/fpadd.c                0x00000000   Number         0  dadd.o ABSOLUTE
    ../fplib/microlib/fpdiv.c                0x00000000   Number         0  ddiv.o ABSOLUTE
    ../fplib/microlib/fpepilogue.c           0x00000000   Number         0  depilogue.o ABSOLUTE
    ../fplib/microlib/fpfix.c                0x00000000   Number         0  dfixul.o ABSOLUTE
    ../fplib/microlib/fpmul.c                0x00000000   Number         0  dmul.o ABSOLUTE
    ..\Core\Src\main.c                       0x00000000   Number         0  main.o ABSOLUTE
    ..\Core\Src\stm32l4xx_hal_msp.c          0x00000000   Number         0  stm32l4xx_hal_msp.o ABSOLUTE
    ..\Core\Src\stm32l4xx_it.c               0x00000000   Number         0  stm32l4xx_it.o ABSOLUTE
    ..\Core\Src\system_stm32l4xx.c           0x00000000   Number         0  system_stm32l4xx.o ABSOLUTE
    ..\Drivers\STM32L4xx_HAL_Driver\Src\stm32l4xx_hal.c 0x00000000   Number         0  stm32l4xx_hal.o ABSOLUTE
    ..\Drivers\STM32L4xx_HAL_Driver\Src\stm32l4xx_hal_cortex.c 0x00000000   Number         0  stm32l4xx_hal_cortex.o ABSOLUTE
    ..\Drivers\STM32L4xx_HAL_Driver\Src\stm32l4xx_hal_dma.c 0x00000000   Number         0  stm32l4xx_hal_dma.o ABSOLUTE
    ..\Drivers\STM32L4xx_HAL_Driver\Src\stm32l4xx_hal_dma_ex.c 0x00000000   Number         0  stm32l4xx_hal_dma_ex.o ABSOLUTE
    ..\Drivers\STM32L4xx_HAL_Driver\Src\stm32l4xx_hal_flash.c 0x00000000   Number         0  stm32l4xx_hal_flash.o ABSOLUTE
    ..\Drivers\STM32L4xx_HAL_Driver\Src\stm32l4xx_hal_flash_ex.c 0x00000000   Number         0  stm32l4xx_hal_flash_ex.o ABSOLUTE
    ..\Drivers\STM32L4xx_HAL_Driver\Src\stm32l4xx_hal_flash_ramfunc.c 0x00000000   Number         0  stm32l4xx_hal_flash_ramfunc.o ABSOLUTE
    ..\Drivers\STM32L4xx_HAL_Driver\Src\stm32l4xx_hal_gpio.c 0x00000000   Number         0  stm32l4xx_hal_gpio.o ABSOLUTE
    ..\Drivers\STM32L4xx_HAL_Driver\Src\stm32l4xx_hal_i2c.c 0x00000000   Number         0  stm32l4xx_hal_i2c.o ABSOLUTE
    ..\Drivers\STM32L4xx_HAL_Driver\Src\stm32l4xx_hal_i2c_ex.c 0x00000000   Number         0  stm32l4xx_hal_i2c_ex.o ABSOLUTE
    ..\Drivers\STM32L4xx_HAL_Driver\Src\stm32l4xx_hal_pwr.c 0x00000000   Number         0  stm32l4xx_hal_pwr.o ABSOLUTE
    ..\Drivers\STM32L4xx_HAL_Driver\Src\stm32l4xx_hal_pwr_ex.c 0x00000000   Number         0  stm32l4xx_hal_pwr_ex.o ABSOLUTE
    ..\Drivers\STM32L4xx_HAL_Driver\Src\stm32l4xx_hal_rcc.c 0x00000000   Number         0  stm32l4xx_hal_rcc.o ABSOLUTE
    ..\Drivers\STM32L4xx_HAL_Driver\Src\stm32l4xx_hal_rcc_ex.c 0x00000000   Number         0  stm32l4xx_hal_rcc_ex.o ABSOLUTE
    ..\Drivers\STM32L4xx_HAL_Driver\Src\stm32l4xx_hal_tim.c 0x00000000   Number         0  stm32l4xx_hal_tim.o ABSOLUTE
    ..\Drivers\STM32L4xx_HAL_Driver\Src\stm32l4xx_hal_tim_ex.c 0x00000000   Number         0  stm32l4xx_hal_tim_ex.o ABSOLUTE
    ..\Drivers\STM32L4xx_HAL_Driver\Src\stm32l4xx_hal_uart.c 0x00000000   Number         0  stm32l4xx_hal_uart.o ABSOLUTE
    ..\Drivers\STM32L4xx_HAL_Driver\Src\stm32l4xx_hal_uart_ex.c 0x00000000   Number         0  stm32l4xx_hal_uart_ex.o ABSOLUTE
    I2C_Polling.c                            0x00000000   Number         0  i2c_polling.o ABSOLUTE
    I2C_Polling.c                            0x00000000   Number         0  i2c_polling.o ABSOLUTE
    Pump_Valve.c                             0x00000000   Number         0  pump_valve.o ABSOLUTE
    Pump_Valve.c                             0x00000000   Number         0  pump_valve.o ABSOLUTE
    Recipe.c                                 0x00000000   Number         0  recipe.o ABSOLUTE
    Recipe.c                                 0x00000000   Number         0  recipe.o ABSOLUTE
    cdrcmple.s                               0x00000000   Number         0  cdrcmple.o ABSOLUTE
    dc.s                                     0x00000000   Number         0  dc.o ABSOLUTE
    handlers.s                               0x00000000   Number         0  handlers.o ABSOLUTE
    init.s                                   0x00000000   Number         0  init.o ABSOLUTE
    startup_stm32l476xx.s                    0x00000000   Number         0  startup_stm32l476xx.o ABSOLUTE
    RESET                                    0x08000000   Section      392  startup_stm32l476xx.o(RESET)
    .ARM.Collect$$$$00000000                 0x08000188   Section        0  entry.o(.ARM.Collect$$$$00000000)
    .ARM.Collect$$$$00000001                 0x08000188   Section        4  entry2.o(.ARM.Collect$$$$00000001)
    .ARM.Collect$$$$00000004                 0x0800018c   Section        4  entry5.o(.ARM.Collect$$$$00000004)
    .ARM.Collect$$$$00000008                 0x08000190   Section        0  entry7b.o(.ARM.Collect$$$$00000008)
    .ARM.Collect$$$$0000000A                 0x08000190   Section        0  entry8b.o(.ARM.Collect$$$$0000000A)
    .ARM.Collect$$$$0000000B                 0x08000190   Section        8  entry9a.o(.ARM.Collect$$$$0000000B)
    .ARM.Collect$$$$0000000D                 0x08000198   Section        0  entry10a.o(.ARM.Collect$$$$0000000D)
    .ARM.Collect$$$$0000000F                 0x08000198   Section        0  entry11a.o(.ARM.Collect$$$$0000000F)
    .ARM.Collect$$$$00002712                 0x08000198   Section        4  entry2.o(.ARM.Collect$$$$00002712)
    __lit__00000000                          0x08000198   Data           4  entry2.o(.ARM.Collect$$$$00002712)
    .text                                    0x0800019c   Section       36  startup_stm32l476xx.o(.text)
    $v0                                      0x0800019c   Number         0  startup_stm32l476xx.o(.text)
    .text                                    0x080001c0   Section        0  uldiv.o(.text)
    .text                                    0x08000228   Section        0  memcpya.o(.text)
    .text                                    0x0800024c   Section        0  memseta.o(.text)
    .text                                    0x08000270   Section        0  uidiv.o(.text)
    .text                                    0x0800029c   Section        0  llshl.o(.text)
    .text                                    0x080002ba   Section        0  llushr.o(.text)
    .text                                    0x080002dc   Section       36  init.o(.text)
    i.BusFault_Handler                       0x08000300   Section        0  stm32l4xx_it.o(i.BusFault_Handler)
    i.DebugMon_Handler                       0x08000302   Section        0  stm32l4xx_it.o(i.DebugMon_Handler)
    i.HAL_DMA_Abort_IT                       0x08000304   Section        0  stm32l4xx_hal_dma.o(i.HAL_DMA_Abort_IT)
    i.HAL_Delay                              0x08000352   Section        0  stm32l4xx_hal.o(i.HAL_Delay)
    i.HAL_GPIO_Init                          0x08000370   Section        0  stm32l4xx_hal_gpio.o(i.HAL_GPIO_Init)
    i.HAL_GPIO_TogglePin                     0x0800053a   Section        0  stm32l4xx_hal_gpio.o(i.HAL_GPIO_TogglePin)
    i.HAL_GPIO_WritePin                      0x08000542   Section        0  stm32l4xx_hal_gpio.o(i.HAL_GPIO_WritePin)
    i.HAL_GetTick                            0x0800054c   Section        0  stm32l4xx_hal.o(i.HAL_GetTick)
    i.HAL_I2CEx_ConfigAnalogFilter           0x08000558   Section        0  stm32l4xx_hal_i2c_ex.o(i.HAL_I2CEx_ConfigAnalogFilter)
    i.HAL_I2CEx_ConfigDigitalFilter          0x080005ae   Section        0  stm32l4xx_hal_i2c_ex.o(i.HAL_I2CEx_ConfigDigitalFilter)
    i.HAL_I2C_AbortCpltCallback              0x08000600   Section        0  stm32l4xx_hal_i2c.o(i.HAL_I2C_AbortCpltCallback)
    i.HAL_I2C_AddrCallback                   0x08000602   Section        0  stm32l4xx_hal_i2c.o(i.HAL_I2C_AddrCallback)
    i.HAL_I2C_ER_IRQHandler                  0x08000604   Section        0  stm32l4xx_hal_i2c.o(i.HAL_I2C_ER_IRQHandler)
    i.HAL_I2C_EV_IRQHandler                  0x0800066c   Section        0  stm32l4xx_hal_i2c.o(i.HAL_I2C_EV_IRQHandler)
    i.HAL_I2C_ErrorCallback                  0x0800067c   Section        0  stm32l4xx_hal_i2c.o(i.HAL_I2C_ErrorCallback)
    i.HAL_I2C_Init                           0x08000680   Section        0  stm32l4xx_hal_i2c.o(i.HAL_I2C_Init)
    i.HAL_I2C_IsDeviceReady                  0x08000738   Section        0  stm32l4xx_hal_i2c.o(i.HAL_I2C_IsDeviceReady)
    i.HAL_I2C_ListenCpltCallback             0x08000862   Section        0  stm32l4xx_hal_i2c.o(i.HAL_I2C_ListenCpltCallback)
    i.HAL_I2C_Master_Transmit                0x08000864   Section        0  stm32l4xx_hal_i2c.o(i.HAL_I2C_Master_Transmit)
    i.HAL_I2C_MspInit                        0x08000990   Section        0  stm32l4xx_hal_msp.o(i.HAL_I2C_MspInit)
    i.HAL_I2C_SlaveRxCpltCallback            0x08000a94   Section        0  stm32l4xx_hal_i2c.o(i.HAL_I2C_SlaveRxCpltCallback)
    i.HAL_I2C_SlaveTxCpltCallback            0x08000a96   Section        0  stm32l4xx_hal_i2c.o(i.HAL_I2C_SlaveTxCpltCallback)
    i.HAL_I2C_Slave_Receive                  0x08000a98   Section        0  stm32l4xx_hal_i2c.o(i.HAL_I2C_Slave_Receive)
    i.HAL_IncTick                            0x08000bc8   Section        0  stm32l4xx_hal.o(i.HAL_IncTick)
    i.HAL_Init                               0x08000bd8   Section        0  stm32l4xx_hal.o(i.HAL_Init)
    i.HAL_InitTick                           0x08000c04   Section        0  stm32l4xx_hal.o(i.HAL_InitTick)
    i.HAL_MspInit                            0x08000c34   Section        0  stm32l4xx_hal_msp.o(i.HAL_MspInit)
    i.HAL_NVIC_EnableIRQ                     0x08000c60   Section        0  stm32l4xx_hal_cortex.o(i.HAL_NVIC_EnableIRQ)
    i.HAL_NVIC_SetPriority                   0x08000c78   Section        0  stm32l4xx_hal_cortex.o(i.HAL_NVIC_SetPriority)
    i.HAL_NVIC_SetPriorityGrouping           0x08000cb8   Section        0  stm32l4xx_hal_cortex.o(i.HAL_NVIC_SetPriorityGrouping)
    i.HAL_PWREx_ControlVoltageScaling        0x08000cdc   Section        0  stm32l4xx_hal_pwr_ex.o(i.HAL_PWREx_ControlVoltageScaling)
    i.HAL_PWREx_GetVoltageRange              0x08000d44   Section        0  stm32l4xx_hal_pwr_ex.o(i.HAL_PWREx_GetVoltageRange)
    i.HAL_RCCEx_PeriphCLKConfig              0x08000d54   Section        0  stm32l4xx_hal_rcc_ex.o(i.HAL_RCCEx_PeriphCLKConfig)
    i.HAL_RCC_ClockConfig                    0x08001104   Section        0  stm32l4xx_hal_rcc.o(i.HAL_RCC_ClockConfig)
    i.HAL_RCC_GetPCLK1Freq                   0x0800121c   Section        0  stm32l4xx_hal_rcc.o(i.HAL_RCC_GetPCLK1Freq)
    i.HAL_RCC_GetPCLK2Freq                   0x08001240   Section        0  stm32l4xx_hal_rcc.o(i.HAL_RCC_GetPCLK2Freq)
    i.HAL_RCC_GetSysClockFreq                0x08001264   Section        0  stm32l4xx_hal_rcc.o(i.HAL_RCC_GetSysClockFreq)
    i.HAL_RCC_OscConfig                      0x08001308   Section        0  stm32l4xx_hal_rcc.o(i.HAL_RCC_OscConfig)
    i.HAL_SYSTICK_Config                     0x0800176c   Section        0  stm32l4xx_hal_cortex.o(i.HAL_SYSTICK_Config)
    i.HAL_TIMEx_ConfigBreakDeadTime          0x08001794   Section        0  stm32l4xx_hal_tim_ex.o(i.HAL_TIMEx_ConfigBreakDeadTime)
    i.HAL_TIMEx_MasterConfigSynchronization  0x08001820   Section        0  stm32l4xx_hal_tim_ex.o(i.HAL_TIMEx_MasterConfigSynchronization)
    i.HAL_TIM_MspPostInit                    0x08001880   Section        0  stm32l4xx_hal_msp.o(i.HAL_TIM_MspPostInit)
    i.HAL_TIM_PWM_ConfigChannel              0x08001974   Section        0  stm32l4xx_hal_tim.o(i.HAL_TIM_PWM_ConfigChannel)
    i.HAL_TIM_PWM_Init                       0x08001a9c   Section        0  stm32l4xx_hal_tim.o(i.HAL_TIM_PWM_Init)
    i.HAL_TIM_PWM_MspInit                    0x08001ad4   Section        0  stm32l4xx_hal_msp.o(i.HAL_TIM_PWM_MspInit)
    i.HAL_UART_Init                          0x08001b44   Section        0  stm32l4xx_hal_uart.o(i.HAL_UART_Init)
    i.HAL_UART_MspInit                       0x08001bb0   Section        0  stm32l4xx_hal_msp.o(i.HAL_UART_MspInit)
    i.HAL_UART_Transmit                      0x08001c14   Section        0  stm32l4xx_hal_uart.o(i.HAL_UART_Transmit)
    i.HardFault_Handler                      0x08001cc4   Section        0  stm32l4xx_it.o(i.HardFault_Handler)
    i.I2C1_ER_IRQHandler                     0x08001cc8   Section        0  stm32l4xx_it.o(i.I2C1_ER_IRQHandler)
    i.I2C1_EV_IRQHandler                     0x08001cd4   Section        0  stm32l4xx_it.o(i.I2C1_EV_IRQHandler)
    i.I2C_DMAAbort                           0x08001ce0   Section        0  stm32l4xx_hal_i2c.o(i.I2C_DMAAbort)
    I2C_DMAAbort                             0x08001ce1   Thumb Code    40  stm32l4xx_hal_i2c.o(i.I2C_DMAAbort)
    i.I2C_Disable_IRQ                        0x08001d08   Section        0  stm32l4xx_hal_i2c.o(i.I2C_Disable_IRQ)
    I2C_Disable_IRQ                          0x08001d09   Thumb Code    84  stm32l4xx_hal_i2c.o(i.I2C_Disable_IRQ)
    i.I2C_Flush_TXDR                         0x08001d5c   Section        0  stm32l4xx_hal_i2c.o(i.I2C_Flush_TXDR)
    I2C_Flush_TXDR                           0x08001d5d   Thumb Code    34  stm32l4xx_hal_i2c.o(i.I2C_Flush_TXDR)
    i.I2C_ITAddrCplt                         0x08001d7e   Section        0  stm32l4xx_hal_i2c.o(i.I2C_ITAddrCplt)
    I2C_ITAddrCplt                           0x08001d7f   Thumb Code   136  stm32l4xx_hal_i2c.o(i.I2C_ITAddrCplt)
    i.I2C_ITError                            0x08001e08   Section        0  stm32l4xx_hal_i2c.o(i.I2C_ITError)
    I2C_ITError                              0x08001e09   Thumb Code   210  stm32l4xx_hal_i2c.o(i.I2C_ITError)
    i.I2C_ITListenCplt                       0x08001ee8   Section        0  stm32l4xx_hal_i2c.o(i.I2C_ITListenCplt)
    I2C_ITListenCplt                         0x08001ee9   Thumb Code    92  stm32l4xx_hal_i2c.o(i.I2C_ITListenCplt)
    i.I2C_ITSlaveCplt                        0x08001f48   Section        0  stm32l4xx_hal_i2c.o(i.I2C_ITSlaveCplt)
    I2C_ITSlaveCplt                          0x08001f49   Thumb Code   226  stm32l4xx_hal_i2c.o(i.I2C_ITSlaveCplt)
    i.I2C_ITSlaveSequentialCplt              0x08002034   Section        0  stm32l4xx_hal_i2c.o(i.I2C_ITSlaveSequentialCplt)
    I2C_ITSlaveSequentialCplt                0x08002035   Thumb Code    84  stm32l4xx_hal_i2c.o(i.I2C_ITSlaveSequentialCplt)
    i.I2C_IsAcknowledgeFailed                0x08002088   Section        0  stm32l4xx_hal_i2c.o(i.I2C_IsAcknowledgeFailed)
    I2C_IsAcknowledgeFailed                  0x08002089   Thumb Code   128  stm32l4xx_hal_i2c.o(i.I2C_IsAcknowledgeFailed)
    i.I2C_MCP23018W                          0x0800210c   Section        0  pump_valve.o(i.I2C_MCP23018W)
    i.I2C_MCP23_Setup                        0x08002136   Section        0  pump_valve.o(i.I2C_MCP23_Setup)
    i.I2C_MCP23_ValveControl                 0x08002388   Section        0  pump_valve.o(i.I2C_MCP23_ValveControl)
    i.I2C_Slave                              0x080024d0   Section        0  i2c_polling.o(i.I2C_Slave)
    i.I2C_Slave_ISR_IT                       0x08002874   Section        0  stm32l4xx_hal_i2c.o(i.I2C_Slave_ISR_IT)
    I2C_Slave_ISR_IT                         0x08002875   Thumb Code   282  stm32l4xx_hal_i2c.o(i.I2C_Slave_ISR_IT)
    i.I2C_TransferConfig                     0x08002994   Section        0  stm32l4xx_hal_i2c.o(i.I2C_TransferConfig)
    I2C_TransferConfig                       0x08002995   Thumb Code    40  stm32l4xx_hal_i2c.o(i.I2C_TransferConfig)
    i.I2C_WaitOnFlagUntilTimeout             0x080029c0   Section        0  stm32l4xx_hal_i2c.o(i.I2C_WaitOnFlagUntilTimeout)
    I2C_WaitOnFlagUntilTimeout               0x080029c1   Thumb Code    88  stm32l4xx_hal_i2c.o(i.I2C_WaitOnFlagUntilTimeout)
    i.I2C_WaitOnRXNEFlagUntilTimeout         0x08002a18   Section        0  stm32l4xx_hal_i2c.o(i.I2C_WaitOnRXNEFlagUntilTimeout)
    I2C_WaitOnRXNEFlagUntilTimeout           0x08002a19   Thumb Code   128  stm32l4xx_hal_i2c.o(i.I2C_WaitOnRXNEFlagUntilTimeout)
    i.I2C_WaitOnSTOPFlagUntilTimeout         0x08002a9c   Section        0  stm32l4xx_hal_i2c.o(i.I2C_WaitOnSTOPFlagUntilTimeout)
    I2C_WaitOnSTOPFlagUntilTimeout           0x08002a9d   Thumb Code    76  stm32l4xx_hal_i2c.o(i.I2C_WaitOnSTOPFlagUntilTimeout)
    i.I2C_WaitOnTXISFlagUntilTimeout         0x08002ae8   Section        0  stm32l4xx_hal_i2c.o(i.I2C_WaitOnTXISFlagUntilTimeout)
    I2C_WaitOnTXISFlagUntilTimeout           0x08002ae9   Thumb Code    80  stm32l4xx_hal_i2c.o(i.I2C_WaitOnTXISFlagUntilTimeout)
    i.MX_GPIO_Init                           0x08002b38   Section        0  main.o(i.MX_GPIO_Init)
    MX_GPIO_Init                             0x08002b39   Thumb Code   212  main.o(i.MX_GPIO_Init)
    i.MX_I2C1_Init                           0x08002c1c   Section        0  main.o(i.MX_I2C1_Init)
    MX_I2C1_Init                             0x08002c1d   Thumb Code    60  main.o(i.MX_I2C1_Init)
    i.MX_I2C2_Init                           0x08002c64   Section        0  main.o(i.MX_I2C2_Init)
    MX_I2C2_Init                             0x08002c65   Thumb Code    54  main.o(i.MX_I2C2_Init)
    i.MX_I2C3_Init                           0x08002ca8   Section        0  main.o(i.MX_I2C3_Init)
    MX_I2C3_Init                             0x08002ca9   Thumb Code    54  main.o(i.MX_I2C3_Init)
    i.MX_TIM1_Init                           0x08002cec   Section        0  main.o(i.MX_TIM1_Init)
    MX_TIM1_Init                             0x08002ced   Thumb Code   172  main.o(i.MX_TIM1_Init)
    i.MX_TIM2_Init                           0x08002da0   Section        0  main.o(i.MX_TIM2_Init)
    MX_TIM2_Init                             0x08002da1   Thumb Code   100  main.o(i.MX_TIM2_Init)
    i.MX_TIM3_Init                           0x08002e08   Section        0  main.o(i.MX_TIM3_Init)
    MX_TIM3_Init                             0x08002e09   Thumb Code   118  main.o(i.MX_TIM3_Init)
    i.MX_TIM4_Init                           0x08002e88   Section        0  main.o(i.MX_TIM4_Init)
    MX_TIM4_Init                             0x08002e89   Thumb Code    98  main.o(i.MX_TIM4_Init)
    i.MX_USART2_UART_Init                    0x08002ef4   Section        0  main.o(i.MX_USART2_UART_Init)
    MX_USART2_UART_Init                      0x08002ef5   Thumb Code    36  main.o(i.MX_USART2_UART_Init)
    i.MemManage_Handler                      0x08002f20   Section        0  stm32l4xx_it.o(i.MemManage_Handler)
    i.NMI_Handler                            0x08002f22   Section        0  stm32l4xx_it.o(i.NMI_Handler)
    i.NVIC_SetPriority                       0x08002f24   Section        0  stm32l4xx_hal_cortex.o(i.NVIC_SetPriority)
    NVIC_SetPriority                         0x08002f25   Thumb Code    32  stm32l4xx_hal_cortex.o(i.NVIC_SetPriority)
    i.PWM_PumpControl                        0x08002f44   Section        0  pump_valve.o(i.PWM_PumpControl)
    i.PendSV_Handler                         0x08002fec   Section        0  stm32l4xx_it.o(i.PendSV_Handler)
    i.RCCEx_PLLSAI1_Config                   0x08002ff0   Section        0  stm32l4xx_hal_rcc_ex.o(i.RCCEx_PLLSAI1_Config)
    RCCEx_PLLSAI1_Config                     0x08002ff1   Thumb Code   278  stm32l4xx_hal_rcc_ex.o(i.RCCEx_PLLSAI1_Config)
    i.RCCEx_PLLSAI2_Config                   0x0800311c   Section        0  stm32l4xx_hal_rcc_ex.o(i.RCCEx_PLLSAI2_Config)
    RCCEx_PLLSAI2_Config                     0x0800311d   Thumb Code   250  stm32l4xx_hal_rcc_ex.o(i.RCCEx_PLLSAI2_Config)
    i.RCC_SetFlashLatencyFromMSIRange        0x08003224   Section        0  stm32l4xx_hal_rcc.o(i.RCC_SetFlashLatencyFromMSIRange)
    RCC_SetFlashLatencyFromMSIRange          0x08003225   Thumb Code   116  stm32l4xx_hal_rcc.o(i.RCC_SetFlashLatencyFromMSIRange)
    i.SVC_Handler                            0x080032a0   Section        0  stm32l4xx_it.o(i.SVC_Handler)
    i.SysTick_Handler                        0x080032a2   Section        0  stm32l4xx_it.o(i.SysTick_Handler)
    i.SystemClock_Config                     0x080032a6   Section        0  main.o(i.SystemClock_Config)
    i.SystemInit                             0x08003324   Section        0  system_stm32l4xx.o(i.SystemInit)
    i.TIM_Base_SetConfig                     0x08003368   Section        0  stm32l4xx_hal_tim.o(i.TIM_Base_SetConfig)
    i.TIM_OC1_SetConfig                      0x08003428   Section        0  stm32l4xx_hal_tim.o(i.TIM_OC1_SetConfig)
    TIM_OC1_SetConfig                        0x08003429   Thumb Code   132  stm32l4xx_hal_tim.o(i.TIM_OC1_SetConfig)
    i.TIM_OC2_SetConfig                      0x080034c4   Section        0  stm32l4xx_hal_tim.o(i.TIM_OC2_SetConfig)
    i.TIM_OC3_SetConfig                      0x08003554   Section        0  stm32l4xx_hal_tim.o(i.TIM_OC3_SetConfig)
    TIM_OC3_SetConfig                        0x08003555   Thumb Code   118  stm32l4xx_hal_tim.o(i.TIM_OC3_SetConfig)
    i.TIM_OC4_SetConfig                      0x080035e4   Section        0  stm32l4xx_hal_tim.o(i.TIM_OC4_SetConfig)
    TIM_OC4_SetConfig                        0x080035e5   Thumb Code    92  stm32l4xx_hal_tim.o(i.TIM_OC4_SetConfig)
    i.TIM_OC5_SetConfig                      0x08003658   Section        0  stm32l4xx_hal_tim.o(i.TIM_OC5_SetConfig)
    TIM_OC5_SetConfig                        0x08003659   Thumb Code    86  stm32l4xx_hal_tim.o(i.TIM_OC5_SetConfig)
    i.TIM_OC6_SetConfig                      0x080036c8   Section        0  stm32l4xx_hal_tim.o(i.TIM_OC6_SetConfig)
    TIM_OC6_SetConfig                        0x080036c9   Thumb Code    88  stm32l4xx_hal_tim.o(i.TIM_OC6_SetConfig)
    i.UART_AdvFeatureConfig                  0x08003738   Section        0  stm32l4xx_hal_uart.o(i.UART_AdvFeatureConfig)
    i.UART_CheckIdleState                    0x08003800   Section        0  stm32l4xx_hal_uart.o(i.UART_CheckIdleState)
    i.UART_SetConfig                         0x0800385c   Section        0  stm32l4xx_hal_uart.o(i.UART_SetConfig)
    i.UART_WaitOnFlagUntilTimeout            0x08003afc   Section        0  stm32l4xx_hal_uart.o(i.UART_WaitOnFlagUntilTimeout)
    i.UsageFault_Handler                     0x08003b60   Section        0  stm32l4xx_it.o(i.UsageFault_Handler)
    i.__0sprintf$6                           0x08003b64   Section        0  printf6.o(i.__0sprintf$6)
    i.__scatterload_copy                     0x08003b8c   Section       14  handlers.o(i.__scatterload_copy)
    i.__scatterload_null                     0x08003b9a   Section        2  handlers.o(i.__scatterload_null)
    i.__scatterload_zeroinit                 0x08003b9c   Section       14  handlers.o(i.__scatterload_zeroinit)
    i._printf_core                           0x08003bac   Section        0  printf6.o(i._printf_core)
    _printf_core                             0x08003bad   Thumb Code   748  printf6.o(i._printf_core)
    i._printf_post_padding                   0x08003ea2   Section        0  printf6.o(i._printf_post_padding)
    _printf_post_padding                     0x08003ea3   Thumb Code    36  printf6.o(i._printf_post_padding)
    i._printf_pre_padding                    0x08003ec6   Section        0  printf6.o(i._printf_pre_padding)
    _printf_pre_padding                      0x08003ec7   Thumb Code    46  printf6.o(i._printf_pre_padding)
    i._sputc                                 0x08003ef4   Section        0  printf6.o(i._sputc)
    _sputc                                   0x08003ef5   Thumb Code    10  printf6.o(i._sputc)
    i.main                                   0x08003f00   Section        0  main.o(i.main)
    i.recipe_cmd                             0x08003ff4   Section        0  recipe.o(i.recipe_cmd)
    i.uint2pin                               0x08004750   Section        0  recipe.o(i.uint2pin)
    .constdata                               0x080047b8   Section       64  system_stm32l4xx.o(.constdata)
    .constdata                               0x080047f8   Section        8  system_stm32l4xx.o(.constdata)
    .data                                    0x20000000   Section       12  main.o(.data)
    .data                                    0x2000000c   Section        4  stm32l4xx_hal.o(.data)
    .data                                    0x20000010   Section        4  system_stm32l4xx.o(.data)
    .bss                                     0x20000014   Section      604  main.o(.bss)
    .bss                                     0x20000270   Section      128  recipe.o(.bss)
    .bss                                     0x200002f0   Section      864  i2c_polling.o(.bss)
    STACK                                    0x20000650   Section     1024  startup_stm32l476xx.o(STACK)

    Global Symbols

    Symbol Name                              Value     Ov Type        Size  Object(Section)

    BuildAttributes$$THM_ISAv4$E$P$D$K$B$S$7EM$VFPi3$EXTD16$VFPS$VFMA$PE$A:L22UL41UL21$X:L11$S22US41US21$IEEE1$IW$USESV6$~STKCKD$USESV7$~SHL$OSPACE$ROPI$EBA8$MICROLIB$REQ8$PRES8$EABIv2 0x00000000   Number         0  anon$$obj.o ABSOLUTE
    __ARM_use_no_argv                        0x00000000   Number         0  main.o ABSOLUTE
    _printf_a                                0x00000000   Number         0  stubs.o ABSOLUTE
    _printf_c                                0x00000000   Number         0  stubs.o ABSOLUTE
    _printf_charcount                        0x00000000   Number         0  stubs.o ABSOLUTE
    _printf_d                                0x00000000   Number         0  stubs.o ABSOLUTE
    _printf_e                                0x00000000   Number         0  stubs.o ABSOLUTE
    _printf_f                                0x00000000   Number         0  stubs.o ABSOLUTE
    _printf_flags                            0x00000000   Number         0  stubs.o ABSOLUTE
    _printf_fp_dec                           0x00000000   Number         0  stubs.o ABSOLUTE
    _printf_fp_hex                           0x00000000   Number         0  stubs.o ABSOLUTE
    _printf_g                                0x00000000   Number         0  stubs.o ABSOLUTE
    _printf_i                                0x00000000   Number         0  stubs.o ABSOLUTE
    _printf_int_dec                          0x00000000   Number         0  stubs.o ABSOLUTE
    _printf_l                                0x00000000   Number         0  stubs.o ABSOLUTE
    _printf_lc                               0x00000000   Number         0  stubs.o ABSOLUTE
    _printf_ll                               0x00000000   Number         0  stubs.o ABSOLUTE
    _printf_lld                              0x00000000   Number         0  stubs.o ABSOLUTE
    _printf_lli                              0x00000000   Number         0  stubs.o ABSOLUTE
    _printf_llo                              0x00000000   Number         0  stubs.o ABSOLUTE
    _printf_llu                              0x00000000   Number         0  stubs.o ABSOLUTE
    _printf_llx                              0x00000000   Number         0  stubs.o ABSOLUTE
    _printf_longlong_dec                     0x00000000   Number         0  stubs.o ABSOLUTE
    _printf_longlong_hex                     0x00000000   Number         0  stubs.o ABSOLUTE
    _printf_longlong_oct                     0x00000000   Number         0  stubs.o ABSOLUTE
    _printf_ls                               0x00000000   Number         0  stubs.o ABSOLUTE
    _printf_mbtowc                           0x00000000   Number         0  stubs.o ABSOLUTE
    _printf_n                                0x00000000   Number         0  stubs.o ABSOLUTE
    _printf_o                                0x00000000   Number         0  stubs.o ABSOLUTE
    _printf_p                                0x00000000   Number         0  stubs.o ABSOLUTE
    _printf_percent                          0x00000000   Number         0  stubs.o ABSOLUTE
    _printf_pre_padding                      0x00000000   Number         0  stubs.o ABSOLUTE
    _printf_return_value                     0x00000000   Number         0  stubs.o ABSOLUTE
    _printf_s                                0x00000000   Number         0  stubs.o ABSOLUTE
    _printf_sizespec                         0x00000000   Number         0  stubs.o ABSOLUTE
    _printf_str                              0x00000000   Number         0  stubs.o ABSOLUTE
    _printf_truncate_signed                  0x00000000   Number         0  stubs.o ABSOLUTE
    _printf_truncate_unsigned                0x00000000   Number         0  stubs.o ABSOLUTE
    _printf_u                                0x00000000   Number         0  stubs.o ABSOLUTE
    _printf_wc                               0x00000000   Number         0  stubs.o ABSOLUTE
    _printf_wctomb                           0x00000000   Number         0  stubs.o ABSOLUTE
    _printf_widthprec                        0x00000000   Number         0  stubs.o ABSOLUTE
    _printf_x                                0x00000000   Number         0  stubs.o ABSOLUTE
    __cpp_initialize__aeabi_                  - Undefined Weak Reference
    __cxa_finalize                            - Undefined Weak Reference
    __decompress                              - Undefined Weak Reference
    _clock_init                               - Undefined Weak Reference
    _microlib_exit                            - Undefined Weak Reference
    __Vectors_Size                           0x00000188   Number         0  startup_stm32l476xx.o ABSOLUTE
    __Vectors                                0x08000000   Data           4  startup_stm32l476xx.o(RESET)
    __Vectors_End                            0x08000188   Data           0  startup_stm32l476xx.o(RESET)
    __main                                   0x08000189   Thumb Code     0  entry.o(.ARM.Collect$$$$00000000)
    _main_stk                                0x08000189   Thumb Code     0  entry2.o(.ARM.Collect$$$$00000001)
    _main_scatterload                        0x0800018d   Thumb Code     0  entry5.o(.ARM.Collect$$$$00000004)
    __main_after_scatterload                 0x08000191   Thumb Code     0  entry5.o(.ARM.Collect$$$$00000004)
    _main_clock                              0x08000191   Thumb Code     0  entry7b.o(.ARM.Collect$$$$00000008)
    _main_cpp_init                           0x08000191   Thumb Code     0  entry8b.o(.ARM.Collect$$$$0000000A)
    _main_init                               0x08000191   Thumb Code     0  entry9a.o(.ARM.Collect$$$$0000000B)
    __rt_final_cpp                           0x08000199   Thumb Code     0  entry10a.o(.ARM.Collect$$$$0000000D)
    __rt_final_exit                          0x08000199   Thumb Code     0  entry11a.o(.ARM.Collect$$$$0000000F)
    Reset_Handler                            0x0800019d   Thumb Code     8  startup_stm32l476xx.o(.text)
    ADC1_2_IRQHandler                        0x080001b7   Thumb Code     0  startup_stm32l476xx.o(.text)
    ADC3_IRQHandler                          0x080001b7   Thumb Code     0  startup_stm32l476xx.o(.text)
    CAN1_RX0_IRQHandler                      0x080001b7   Thumb Code     0  startup_stm32l476xx.o(.text)
    CAN1_RX1_IRQHandler                      0x080001b7   Thumb Code     0  startup_stm32l476xx.o(.text)
    CAN1_SCE_IRQHandler                      0x080001b7   Thumb Code     0  startup_stm32l476xx.o(.text)
    CAN1_TX_IRQHandler                       0x080001b7   Thumb Code     0  startup_stm32l476xx.o(.text)
    COMP_IRQHandler                          0x080001b7   Thumb Code     0  startup_stm32l476xx.o(.text)
    DFSDM1_FLT0_IRQHandler                   0x080001b7   Thumb Code     0  startup_stm32l476xx.o(.text)
    DFSDM1_FLT1_IRQHandler                   0x080001b7   Thumb Code     0  startup_stm32l476xx.o(.text)
    DFSDM1_FLT2_IRQHandler                   0x080001b7   Thumb Code     0  startup_stm32l476xx.o(.text)
    DFSDM1_FLT3_IRQHandler                   0x080001b7   Thumb Code     0  startup_stm32l476xx.o(.text)
    DMA1_Channel1_IRQHandler                 0x080001b7   Thumb Code     0  startup_stm32l476xx.o(.text)
    DMA1_Channel2_IRQHandler                 0x080001b7   Thumb Code     0  startup_stm32l476xx.o(.text)
    DMA1_Channel3_IRQHandler                 0x080001b7   Thumb Code     0  startup_stm32l476xx.o(.text)
    DMA1_Channel4_IRQHandler                 0x080001b7   Thumb Code     0  startup_stm32l476xx.o(.text)
    DMA1_Channel5_IRQHandler                 0x080001b7   Thumb Code     0  startup_stm32l476xx.o(.text)
    DMA1_Channel6_IRQHandler                 0x080001b7   Thumb Code     0  startup_stm32l476xx.o(.text)
    DMA1_Channel7_IRQHandler                 0x080001b7   Thumb Code     0  startup_stm32l476xx.o(.text)
    DMA2_Channel1_IRQHandler                 0x080001b7   Thumb Code     0  startup_stm32l476xx.o(.text)
    DMA2_Channel2_IRQHandler                 0x080001b7   Thumb Code     0  startup_stm32l476xx.o(.text)
    DMA2_Channel3_IRQHandler                 0x080001b7   Thumb Code     0  startup_stm32l476xx.o(.text)
    DMA2_Channel4_IRQHandler                 0x080001b7   Thumb Code     0  startup_stm32l476xx.o(.text)
    DMA2_Channel5_IRQHandler                 0x080001b7   Thumb Code     0  startup_stm32l476xx.o(.text)
    DMA2_Channel6_IRQHandler                 0x080001b7   Thumb Code     0  startup_stm32l476xx.o(.text)
    DMA2_Channel7_IRQHandler                 0x080001b7   Thumb Code     0  startup_stm32l476xx.o(.text)
    EXTI0_IRQHandler                         0x080001b7   Thumb Code     0  startup_stm32l476xx.o(.text)
    EXTI15_10_IRQHandler                     0x080001b7   Thumb Code     0  startup_stm32l476xx.o(.text)
    EXTI1_IRQHandler                         0x080001b7   Thumb Code     0  startup_stm32l476xx.o(.text)
    EXTI2_IRQHandler                         0x080001b7   Thumb Code     0  startup_stm32l476xx.o(.text)
    EXTI3_IRQHandler                         0x080001b7   Thumb Code     0  startup_stm32l476xx.o(.text)
    EXTI4_IRQHandler                         0x080001b7   Thumb Code     0  startup_stm32l476xx.o(.text)
    EXTI9_5_IRQHandler                       0x080001b7   Thumb Code     0  startup_stm32l476xx.o(.text)
    FLASH_IRQHandler                         0x080001b7   Thumb Code     0  startup_stm32l476xx.o(.text)
    FMC_IRQHandler                           0x080001b7   Thumb Code     0  startup_stm32l476xx.o(.text)
    FPU_IRQHandler                           0x080001b7   Thumb Code     0  startup_stm32l476xx.o(.text)
    I2C2_ER_IRQHandler                       0x080001b7   Thumb Code     0  startup_stm32l476xx.o(.text)
    I2C2_EV_IRQHandler                       0x080001b7   Thumb Code     0  startup_stm32l476xx.o(.text)
    I2C3_ER_IRQHandler                       0x080001b7   Thumb Code     0  startup_stm32l476xx.o(.text)
    I2C3_EV_IRQHandler                       0x080001b7   Thumb Code     0  startup_stm32l476xx.o(.text)
    LCD_IRQHandler                           0x080001b7   Thumb Code     0  startup_stm32l476xx.o(.text)
    LPTIM1_IRQHandler                        0x080001b7   Thumb Code     0  startup_stm32l476xx.o(.text)
    LPTIM2_IRQHandler                        0x080001b7   Thumb Code     0  startup_stm32l476xx.o(.text)
    LPUART1_IRQHandler                       0x080001b7   Thumb Code     0  startup_stm32l476xx.o(.text)
    OTG_FS_IRQHandler                        0x080001b7   Thumb Code     0  startup_stm32l476xx.o(.text)
    PVD_PVM_IRQHandler                       0x080001b7   Thumb Code     0  startup_stm32l476xx.o(.text)
    QUADSPI_IRQHandler                       0x080001b7   Thumb Code     0  startup_stm32l476xx.o(.text)
    RCC_IRQHandler                           0x080001b7   Thumb Code     0  startup_stm32l476xx.o(.text)
    RNG_IRQHandler                           0x080001b7   Thumb Code     0  startup_stm32l476xx.o(.text)
    RTC_Alarm_IRQHandler                     0x080001b7   Thumb Code     0  startup_stm32l476xx.o(.text)
    RTC_WKUP_IRQHandler                      0x080001b7   Thumb Code     0  startup_stm32l476xx.o(.text)
    SAI1_IRQHandler                          0x080001b7   Thumb Code     0  startup_stm32l476xx.o(.text)
    SAI2_IRQHandler                          0x080001b7   Thumb Code     0  startup_stm32l476xx.o(.text)
    SDMMC1_IRQHandler                        0x080001b7   Thumb Code     0  startup_stm32l476xx.o(.text)
    SPI1_IRQHandler                          0x080001b7   Thumb Code     0  startup_stm32l476xx.o(.text)
    SPI2_IRQHandler                          0x080001b7   Thumb Code     0  startup_stm32l476xx.o(.text)
    SPI3_IRQHandler                          0x080001b7   Thumb Code     0  startup_stm32l476xx.o(.text)
    SWPMI1_IRQHandler                        0x080001b7   Thumb Code     0  startup_stm32l476xx.o(.text)
    TAMP_STAMP_IRQHandler                    0x080001b7   Thumb Code     0  startup_stm32l476xx.o(.text)
    TIM1_BRK_TIM15_IRQHandler                0x080001b7   Thumb Code     0  startup_stm32l476xx.o(.text)
    TIM1_CC_IRQHandler                       0x080001b7   Thumb Code     0  startup_stm32l476xx.o(.text)
    TIM1_TRG_COM_TIM17_IRQHandler            0x080001b7   Thumb Code     0  startup_stm32l476xx.o(.text)
    TIM1_UP_TIM16_IRQHandler                 0x080001b7   Thumb Code     0  startup_stm32l476xx.o(.text)
    TIM2_IRQHandler                          0x080001b7   Thumb Code     0  startup_stm32l476xx.o(.text)
    TIM3_IRQHandler                          0x080001b7   Thumb Code     0  startup_stm32l476xx.o(.text)
    TIM4_IRQHandler                          0x080001b7   Thumb Code     0  startup_stm32l476xx.o(.text)
    TIM5_IRQHandler                          0x080001b7   Thumb Code     0  startup_stm32l476xx.o(.text)
    TIM6_DAC_IRQHandler                      0x080001b7   Thumb Code     0  startup_stm32l476xx.o(.text)
    TIM7_IRQHandler                          0x080001b7   Thumb Code     0  startup_stm32l476xx.o(.text)
    TIM8_BRK_IRQHandler                      0x080001b7   Thumb Code     0  startup_stm32l476xx.o(.text)
    TIM8_CC_IRQHandler                       0x080001b7   Thumb Code     0  startup_stm32l476xx.o(.text)
    TIM8_TRG_COM_IRQHandler                  0x080001b7   Thumb Code     0  startup_stm32l476xx.o(.text)
    TIM8_UP_IRQHandler                       0x080001b7   Thumb Code     0  startup_stm32l476xx.o(.text)
    TSC_IRQHandler                           0x080001b7   Thumb Code     0  startup_stm32l476xx.o(.text)
    UART4_IRQHandler                         0x080001b7   Thumb Code     0  startup_stm32l476xx.o(.text)
    UART5_IRQHandler                         0x080001b7   Thumb Code     0  startup_stm32l476xx.o(.text)
    USART1_IRQHandler                        0x080001b7   Thumb Code     0  startup_stm32l476xx.o(.text)
    USART2_IRQHandler                        0x080001b7   Thumb Code     0  startup_stm32l476xx.o(.text)
    USART3_IRQHandler                        0x080001b7   Thumb Code     0  startup_stm32l476xx.o(.text)
    WWDG_IRQHandler                          0x080001b7   Thumb Code     0  startup_stm32l476xx.o(.text)
    __aeabi_uldivmod                         0x080001c1   Thumb Code    98  uldiv.o(.text)
    __aeabi_memcpy                           0x08000229   Thumb Code    36  memcpya.o(.text)
    __aeabi_memcpy4                          0x08000229   Thumb Code     0  memcpya.o(.text)
    __aeabi_memcpy8                          0x08000229   Thumb Code     0  memcpya.o(.text)
    __aeabi_memset                           0x0800024d   Thumb Code    14  memseta.o(.text)
    __aeabi_memset4                          0x0800024d   Thumb Code     0  memseta.o(.text)
    __aeabi_memset8                          0x0800024d   Thumb Code     0  memseta.o(.text)
    __aeabi_memclr                           0x0800025b   Thumb Code     4  memseta.o(.text)
    __aeabi_memclr4                          0x0800025b   Thumb Code     0  memseta.o(.text)
    __aeabi_memclr8                          0x0800025b   Thumb Code     0  memseta.o(.text)
    _memset$wrapper                          0x0800025f   Thumb Code    18  memseta.o(.text)
    __aeabi_uidiv                            0x08000271   Thumb Code     0  uidiv.o(.text)
    __aeabi_uidivmod                         0x08000271   Thumb Code    44  uidiv.o(.text)
    __aeabi_llsl                             0x0800029d   Thumb Code    30  llshl.o(.text)
    _ll_shift_l                              0x0800029d   Thumb Code     0  llshl.o(.text)
    __aeabi_llsr                             0x080002bb   Thumb Code    32  llushr.o(.text)
    _ll_ushift_r                             0x080002bb   Thumb Code     0  llushr.o(.text)
    __scatterload                            0x080002dd   Thumb Code    28  init.o(.text)
    __scatterload_rt2                        0x080002dd   Thumb Code     0  init.o(.text)
    BusFault_Handler                         0x08000301   Thumb Code     2  stm32l4xx_it.o(i.BusFault_Handler)
    DebugMon_Handler                         0x08000303   Thumb Code     2  stm32l4xx_it.o(i.DebugMon_Handler)
    HAL_DMA_Abort_IT                         0x08000305   Thumb Code    78  stm32l4xx_hal_dma.o(i.HAL_DMA_Abort_IT)
    HAL_Delay                                0x08000353   Thumb Code    28  stm32l4xx_hal.o(i.HAL_Delay)
    HAL_GPIO_Init                            0x08000371   Thumb Code   414  stm32l4xx_hal_gpio.o(i.HAL_GPIO_Init)
    HAL_GPIO_TogglePin                       0x0800053b   Thumb Code     8  stm32l4xx_hal_gpio.o(i.HAL_GPIO_TogglePin)
    HAL_GPIO_WritePin                        0x08000543   Thumb Code    10  stm32l4xx_hal_gpio.o(i.HAL_GPIO_WritePin)
    HAL_GetTick                              0x0800054d   Thumb Code     6  stm32l4xx_hal.o(i.HAL_GetTick)
    HAL_I2CEx_ConfigAnalogFilter             0x08000559   Thumb Code    86  stm32l4xx_hal_i2c_ex.o(i.HAL_I2CEx_ConfigAnalogFilter)
    HAL_I2CEx_ConfigDigitalFilter            0x080005af   Thumb Code    82  stm32l4xx_hal_i2c_ex.o(i.HAL_I2CEx_ConfigDigitalFilter)
    HAL_I2C_AbortCpltCallback                0x08000601   Thumb Code     2  stm32l4xx_hal_i2c.o(i.HAL_I2C_AbortCpltCallback)
    HAL_I2C_AddrCallback                     0x08000603   Thumb Code     2  stm32l4xx_hal_i2c.o(i.HAL_I2C_AddrCallback)
    HAL_I2C_ER_IRQHandler                    0x08000605   Thumb Code   104  stm32l4xx_hal_i2c.o(i.HAL_I2C_ER_IRQHandler)
    HAL_I2C_EV_IRQHandler                    0x0800066d   Thumb Code    16  stm32l4xx_hal_i2c.o(i.HAL_I2C_EV_IRQHandler)
    HAL_I2C_ErrorCallback                    0x0800067d   Thumb Code     2  stm32l4xx_hal_i2c.o(i.HAL_I2C_ErrorCallback)
    HAL_I2C_Init                             0x08000681   Thumb Code   178  stm32l4xx_hal_i2c.o(i.HAL_I2C_Init)
    HAL_I2C_IsDeviceReady                    0x08000739   Thumb Code   282  stm32l4xx_hal_i2c.o(i.HAL_I2C_IsDeviceReady)
    HAL_I2C_ListenCpltCallback               0x08000863   Thumb Code     2  stm32l4xx_hal_i2c.o(i.HAL_I2C_ListenCpltCallback)
    HAL_I2C_Master_Transmit                  0x08000865   Thumb Code   282  stm32l4xx_hal_i2c.o(i.HAL_I2C_Master_Transmit)
    HAL_I2C_MspInit                          0x08000991   Thumb Code   234  stm32l4xx_hal_msp.o(i.HAL_I2C_MspInit)
    HAL_I2C_SlaveRxCpltCallback              0x08000a95   Thumb Code     2  stm32l4xx_hal_i2c.o(i.HAL_I2C_SlaveRxCpltCallback)
    HAL_I2C_SlaveTxCpltCallback              0x08000a97   Thumb Code     2  stm32l4xx_hal_i2c.o(i.HAL_I2C_SlaveTxCpltCallback)
    HAL_I2C_Slave_Receive                    0x08000a99   Thumb Code   298  stm32l4xx_hal_i2c.o(i.HAL_I2C_Slave_Receive)
    HAL_IncTick                              0x08000bc9   Thumb Code    10  stm32l4xx_hal.o(i.HAL_IncTick)
    HAL_Init                                 0x08000bd9   Thumb Code    40  stm32l4xx_hal.o(i.HAL_Init)
    HAL_InitTick                             0x08000c05   Thumb Code    42  stm32l4xx_hal.o(i.HAL_InitTick)
    HAL_MspInit                              0x08000c35   Thumb Code    38  stm32l4xx_hal_msp.o(i.HAL_MspInit)
    HAL_NVIC_EnableIRQ                       0x08000c61   Thumb Code    22  stm32l4xx_hal_cortex.o(i.HAL_NVIC_EnableIRQ)
    HAL_NVIC_SetPriority                     0x08000c79   Thumb Code    60  stm32l4xx_hal_cortex.o(i.HAL_NVIC_SetPriority)
    HAL_NVIC_SetPriorityGrouping             0x08000cb9   Thumb Code    26  stm32l4xx_hal_cortex.o(i.HAL_NVIC_SetPriorityGrouping)
    HAL_PWREx_ControlVoltageScaling          0x08000cdd   Thumb Code    90  stm32l4xx_hal_pwr_ex.o(i.HAL_PWREx_ControlVoltageScaling)
    HAL_PWREx_GetVoltageRange                0x08000d45   Thumb Code    10  stm32l4xx_hal_pwr_ex.o(i.HAL_PWREx_GetVoltageRange)
    HAL_RCCEx_PeriphCLKConfig                0x08000d55   Thumb Code   928  stm32l4xx_hal_rcc_ex.o(i.HAL_RCCEx_PeriphCLKConfig)
    HAL_RCC_ClockConfig                      0x08001105   Thumb Code   264  stm32l4xx_hal_rcc.o(i.HAL_RCC_ClockConfig)
    HAL_RCC_GetPCLK1Freq                     0x0800121d   Thumb Code    24  stm32l4xx_hal_rcc.o(i.HAL_RCC_GetPCLK1Freq)
    HAL_RCC_GetPCLK2Freq                     0x08001241   Thumb Code    24  stm32l4xx_hal_rcc.o(i.HAL_RCC_GetPCLK2Freq)
    HAL_RCC_GetSysClockFreq                  0x08001265   Thumb Code   152  stm32l4xx_hal_rcc.o(i.HAL_RCC_GetSysClockFreq)
    HAL_RCC_OscConfig                        0x08001309   Thumb Code  1118  stm32l4xx_hal_rcc.o(i.HAL_RCC_OscConfig)
    HAL_SYSTICK_Config                       0x0800176d   Thumb Code    40  stm32l4xx_hal_cortex.o(i.HAL_SYSTICK_Config)
    HAL_TIMEx_ConfigBreakDeadTime            0x08001795   Thumb Code   132  stm32l4xx_hal_tim_ex.o(i.HAL_TIMEx_ConfigBreakDeadTime)
    HAL_TIMEx_MasterConfigSynchronization    0x08001821   Thumb Code    88  stm32l4xx_hal_tim_ex.o(i.HAL_TIMEx_MasterConfigSynchronization)
    HAL_TIM_MspPostInit                      0x08001881   Thumb Code   222  stm32l4xx_hal_msp.o(i.HAL_TIM_MspPostInit)
    HAL_TIM_PWM_ConfigChannel                0x08001975   Thumb Code   296  stm32l4xx_hal_tim.o(i.HAL_TIM_PWM_ConfigChannel)
    HAL_TIM_PWM_Init                         0x08001a9d   Thumb Code    54  stm32l4xx_hal_tim.o(i.HAL_TIM_PWM_Init)
    HAL_TIM_PWM_MspInit                      0x08001ad5   Thumb Code    96  stm32l4xx_hal_msp.o(i.HAL_TIM_PWM_MspInit)
    HAL_UART_Init                            0x08001b45   Thumb Code   106  stm32l4xx_hal_uart.o(i.HAL_UART_Init)
    HAL_UART_MspInit                         0x08001bb1   Thumb Code    90  stm32l4xx_hal_msp.o(i.HAL_UART_MspInit)
    HAL_UART_Transmit                        0x08001c15   Thumb Code   176  stm32l4xx_hal_uart.o(i.HAL_UART_Transmit)
    HardFault_Handler                        0x08001cc5   Thumb Code     2  stm32l4xx_it.o(i.HardFault_Handler)
    I2C1_ER_IRQHandler                       0x08001cc9   Thumb Code     6  stm32l4xx_it.o(i.I2C1_ER_IRQHandler)
    I2C1_EV_IRQHandler                       0x08001cd5   Thumb Code     6  stm32l4xx_it.o(i.I2C1_EV_IRQHandler)
    I2C_MCP23018W                            0x0800210d   Thumb Code    42  pump_valve.o(i.I2C_MCP23018W)
    I2C_MCP23_Setup                          0x08002137   Thumb Code   592  pump_valve.o(i.I2C_MCP23_Setup)
    I2C_MCP23_ValveControl                   0x08002389   Thumb Code   310  pump_valve.o(i.I2C_MCP23_ValveControl)
    I2C_Slave                                0x080024d1   Thumb Code   702  i2c_polling.o(i.I2C_Slave)
    MemManage_Handler                        0x08002f21   Thumb Code     2  stm32l4xx_it.o(i.MemManage_Handler)
    NMI_Handler                              0x08002f23   Thumb Code     2  stm32l4xx_it.o(i.NMI_Handler)
    PWM_PumpControl                          0x08002f45   Thumb Code   152  pump_valve.o(i.PWM_PumpControl)
    PendSV_Handler                           0x08002fed   Thumb Code     2  stm32l4xx_it.o(i.PendSV_Handler)
    SVC_Handler                              0x080032a1   Thumb Code     2  stm32l4xx_it.o(i.SVC_Handler)
    SysTick_Handler                          0x080032a3   Thumb Code     4  stm32l4xx_it.o(i.SysTick_Handler)
    SystemClock_Config                       0x080032a7   Thumb Code   126  main.o(i.SystemClock_Config)
    SystemInit                               0x08003325   Thumb Code    56  system_stm32l4xx.o(i.SystemInit)
    TIM_Base_SetConfig                       0x08003369   Thumb Code   160  stm32l4xx_hal_tim.o(i.TIM_Base_SetConfig)
    TIM_OC2_SetConfig                        0x080034c5   Thumb Code   120  stm32l4xx_hal_tim.o(i.TIM_OC2_SetConfig)
    UART_AdvFeatureConfig                    0x08003739   Thumb Code   200  stm32l4xx_hal_uart.o(i.UART_AdvFeatureConfig)
    UART_CheckIdleState                      0x08003801   Thumb Code    92  stm32l4xx_hal_uart.o(i.UART_CheckIdleState)
    UART_SetConfig                           0x0800385d   Thumb Code   622  stm32l4xx_hal_uart.o(i.UART_SetConfig)
    UART_WaitOnFlagUntilTimeout              0x08003afd   Thumb Code   100  stm32l4xx_hal_uart.o(i.UART_WaitOnFlagUntilTimeout)
    UsageFault_Handler                       0x08003b61   Thumb Code     2  stm32l4xx_it.o(i.UsageFault_Handler)
    __0sprintf$6                             0x08003b65   Thumb Code    34  printf6.o(i.__0sprintf$6)
    __1sprintf$6                             0x08003b65   Thumb Code     0  printf6.o(i.__0sprintf$6)
    __2sprintf                               0x08003b65   Thumb Code     0  printf6.o(i.__0sprintf$6)
    __scatterload_copy                       0x08003b8d   Thumb Code    14  handlers.o(i.__scatterload_copy)
    __scatterload_null                       0x08003b9b   Thumb Code     2  handlers.o(i.__scatterload_null)
    __scatterload_zeroinit                   0x08003b9d   Thumb Code    14  handlers.o(i.__scatterload_zeroinit)
    main                                     0x08003f01   Thumb Code   236  main.o(i.main)
    recipe_cmd                               0x08003ff5   Thumb Code  1822  recipe.o(i.recipe_cmd)
    uint2pin                                 0x08004751   Thumb Code    96  recipe.o(i.uint2pin)
    AHBPrescTable                            0x080047b8   Data          16  system_stm32l4xx.o(.constdata)
    MSIRangeTable                            0x080047c8   Data          48  system_stm32l4xx.o(.constdata)
    APBPrescTable                            0x080047f8   Data           8  system_stm32l4xx.o(.constdata)
    Region$$Table$$Base                      0x08004800   Number         0  anon$$obj.o(Region$$Table)
    Region$$Table$$Limit                     0x08004820   Number         0  anon$$obj.o(Region$$Table)
    regA1                                    0x20000000   Data           1  main.o(.data)
    regB1                                    0x20000001   Data           1  main.o(.data)
    regA2                                    0x20000002   Data           1  main.o(.data)
    regB2                                    0x20000003   Data           1  main.o(.data)
    Serial_Data                              0x20000004   Data           4  main.o(.data)
    board2Yes_No                             0x20000008   Data           4  main.o(.data)
    uwTick                                   0x2000000c   Data           4  stm32l4xx_hal.o(.data)
    SystemCoreClock                          0x20000010   Data           4  system_stm32l4xx.o(.data)
    hi2c1                                    0x20000014   Data          76  main.o(.bss)
    hi2c2                                    0x20000060   Data          76  main.o(.bss)
    hi2c3                                    0x200000ac   Data          76  main.o(.bss)
    htim1                                    0x200000f8   Data          64  main.o(.bss)
    htim2                                    0x20000138   Data          64  main.o(.bss)
    htim3                                    0x20000178   Data          64  main.o(.bss)
    htim4                                    0x200001b8   Data          64  main.o(.bss)
    huart2                                   0x200001f8   Data         120  main.o(.bss)
    REGA1                                    0x20000270   Data          32  recipe.o(.bss)
    REGB1                                    0x20000290   Data          32  recipe.o(.bss)
    REGA2                                    0x200002b0   Data          32  recipe.o(.bss)
    REGB2                                    0x200002d0   Data          32  recipe.o(.bss)
    recipe                                   0x200002f0   Data         864  i2c_polling.o(.bss)
    __initial_sp                             0x20000a50   Data           0  startup_stm32l476xx.o(STACK)



==============================================================================

Memory Map of the image

  Image Entry point : 0x08000189

  Load Region LR_IROM1 (Base: 0x08000000, Size: 0x00004834, Max: 0x00100000, ABSOLUTE)

    Execution Region ER_IROM1 (Exec base: 0x08000000, Load base: 0x08000000, Size: 0x00004820, Max: 0x00100000, ABSOLUTE)

    Exec Addr    Load Addr    Size         Type   Attr      Idx    E Section Name        Object

    0x08000000   0x08000000   0x00000188   Data   RO            3    RESET               startup_stm32l476xx.o
    0x08000188   0x08000188   0x00000000   Code   RO         3713  * .ARM.Collect$$$$00000000  mc_w.l(entry.o)
    0x08000188   0x08000188   0x00000004   Code   RO         3985    .ARM.Collect$$$$00000001  mc_w.l(entry2.o)
    0x0800018c   0x0800018c   0x00000004   Code   RO         3988    .ARM.Collect$$$$00000004  mc_w.l(entry5.o)
    0x08000190   0x08000190   0x00000000   Code   RO         3990    .ARM.Collect$$$$00000008  mc_w.l(entry7b.o)
    0x08000190   0x08000190   0x00000000   Code   RO         3992    .ARM.Collect$$$$0000000A  mc_w.l(entry8b.o)
    0x08000190   0x08000190   0x00000008   Code   RO         3993    .ARM.Collect$$$$0000000B  mc_w.l(entry9a.o)
    0x08000198   0x08000198   0x00000000   Code   RO         3995    .ARM.Collect$$$$0000000D  mc_w.l(entry10a.o)
    0x08000198   0x08000198   0x00000000   Code   RO         3997    .ARM.Collect$$$$0000000F  mc_w.l(entry11a.o)
    0x08000198   0x08000198   0x00000004   Code   RO         3986    .ARM.Collect$$$$00002712  mc_w.l(entry2.o)
    0x0800019c   0x0800019c   0x00000024   Code   RO            4    .text               startup_stm32l476xx.o
    0x080001c0   0x080001c0   0x00000068   Code   RO         3716    .text               mc_w.l(uldiv.o)
    0x08000228   0x08000228   0x00000024   Code   RO         3718    .text               mc_w.l(memcpya.o)
    0x0800024c   0x0800024c   0x00000024   Code   RO         3720    .text               mc_w.l(memseta.o)
    0x08000270   0x08000270   0x0000002c   Code   RO         4002    .text               mc_w.l(uidiv.o)
    0x0800029c   0x0800029c   0x0000001e   Code   RO         4004    .text               mc_w.l(llshl.o)
    0x080002ba   0x080002ba   0x00000020   Code   RO         4006    .text               mc_w.l(llushr.o)
    0x080002da   0x080002da   0x00000002   PAD
    0x080002dc   0x080002dc   0x00000024   Code   RO         4019    .text               mc_w.l(init.o)
    0x08000300   0x08000300   0x00000002   Code   RO          219    i.BusFault_Handler  stm32l4xx_it.o
    0x08000302   0x08000302   0x00000002   Code   RO          220    i.DebugMon_Handler  stm32l4xx_it.o
    0x08000304   0x08000304   0x0000004e   Code   RO         3072    i.HAL_DMA_Abort_IT  stm32l4xx_hal_dma.o
    0x08000352   0x08000352   0x0000001c   Code   RO         2339    i.HAL_Delay         stm32l4xx_hal.o
    0x0800036e   0x0800036e   0x00000002   PAD
    0x08000370   0x08000370   0x000001ca   Code   RO         3007    i.HAL_GPIO_Init     stm32l4xx_hal_gpio.o
    0x0800053a   0x0800053a   0x00000008   Code   RO         3010    i.HAL_GPIO_TogglePin  stm32l4xx_hal_gpio.o
    0x08000542   0x08000542   0x0000000a   Code   RO         3011    i.HAL_GPIO_WritePin  stm32l4xx_hal_gpio.o
    0x0800054c   0x0800054c   0x0000000c   Code   RO         2343    i.HAL_GetTick       stm32l4xx_hal.o
    0x08000558   0x08000558   0x00000056   Code   RO          958    i.HAL_I2CEx_ConfigAnalogFilter  stm32l4xx_hal_i2c_ex.o
    0x080005ae   0x080005ae   0x00000052   Code   RO          959    i.HAL_I2CEx_ConfigDigitalFilter  stm32l4xx_hal_i2c_ex.o
    0x08000600   0x08000600   0x00000002   Code   RO          501    i.HAL_I2C_AbortCpltCallback  stm32l4xx_hal_i2c.o
    0x08000602   0x08000602   0x00000002   Code   RO          502    i.HAL_I2C_AddrCallback  stm32l4xx_hal_i2c.o
    0x08000604   0x08000604   0x00000068   Code   RO          505    i.HAL_I2C_ER_IRQHandler  stm32l4xx_hal_i2c.o
    0x0800066c   0x0800066c   0x00000010   Code   RO          506    i.HAL_I2C_EV_IRQHandler  stm32l4xx_hal_i2c.o
    0x0800067c   0x0800067c   0x00000002   Code   RO          508    i.HAL_I2C_ErrorCallback  stm32l4xx_hal_i2c.o
    0x0800067e   0x0800067e   0x00000002   PAD
    0x08000680   0x08000680   0x000000b8   Code   RO          512    i.HAL_I2C_Init      stm32l4xx_hal_i2c.o
    0x08000738   0x08000738   0x0000012a   Code   RO          513    i.HAL_I2C_IsDeviceReady  stm32l4xx_hal_i2c.o
    0x08000862   0x08000862   0x00000002   Code   RO          514    i.HAL_I2C_ListenCpltCallback  stm32l4xx_hal_i2c.o
    0x08000864   0x08000864   0x0000012a   Code   RO          525    i.HAL_I2C_Master_Transmit  stm32l4xx_hal_i2c.o
    0x0800098e   0x0800098e   0x00000002   PAD
    0x08000990   0x08000990   0x00000104   Code   RO          311    i.HAL_I2C_MspInit   stm32l4xx_hal_msp.o
    0x08000a94   0x08000a94   0x00000002   Code   RO          538    i.HAL_I2C_SlaveRxCpltCallback  stm32l4xx_hal_i2c.o
    0x08000a96   0x08000a96   0x00000002   Code   RO          539    i.HAL_I2C_SlaveTxCpltCallback  stm32l4xx_hal_i2c.o
    0x08000a98   0x08000a98   0x00000130   Code   RO          540    i.HAL_I2C_Slave_Receive  stm32l4xx_hal_i2c.o
    0x08000bc8   0x08000bc8   0x00000010   Code   RO         2347    i.HAL_IncTick       stm32l4xx_hal.o
    0x08000bd8   0x08000bd8   0x0000002c   Code   RO         2348    i.HAL_Init          stm32l4xx_hal.o
    0x08000c04   0x08000c04   0x00000030   Code   RO         2349    i.HAL_InitTick      stm32l4xx_hal.o
    0x08000c34   0x08000c34   0x0000002c   Code   RO          312    i.HAL_MspInit       stm32l4xx_hal_msp.o
    0x08000c60   0x08000c60   0x00000016   Code   RO         3548    i.HAL_NVIC_EnableIRQ  stm32l4xx_hal_cortex.o
    0x08000c76   0x08000c76   0x00000002   PAD
    0x08000c78   0x08000c78   0x00000040   Code   RO         3554    i.HAL_NVIC_SetPriority  stm32l4xx_hal_cortex.o
    0x08000cb8   0x08000cb8   0x00000024   Code   RO         3555    i.HAL_NVIC_SetPriorityGrouping  stm32l4xx_hal_cortex.o
    0x08000cdc   0x08000cdc   0x00000068   Code   RO         3298    i.HAL_PWREx_ControlVoltageScaling  stm32l4xx_hal_pwr_ex.o
    0x08000d44   0x08000d44   0x00000010   Code   RO         3329    i.HAL_PWREx_GetVoltageRange  stm32l4xx_hal_pwr_ex.o
    0x08000d54   0x08000d54   0x000003ae   Code   RO         2664    i.HAL_RCCEx_PeriphCLKConfig  stm32l4xx_hal_rcc_ex.o
    0x08001102   0x08001102   0x00000002   PAD
    0x08001104   0x08001104   0x00000118   Code   RO         2549    i.HAL_RCC_ClockConfig  stm32l4xx_hal_rcc.o
    0x0800121c   0x0800121c   0x00000024   Code   RO         2555    i.HAL_RCC_GetPCLK1Freq  stm32l4xx_hal_rcc.o
    0x08001240   0x08001240   0x00000024   Code   RO         2556    i.HAL_RCC_GetPCLK2Freq  stm32l4xx_hal_rcc.o
    0x08001264   0x08001264   0x000000a4   Code   RO         2557    i.HAL_RCC_GetSysClockFreq  stm32l4xx_hal_rcc.o
    0x08001308   0x08001308   0x00000464   Code   RO         2560    i.HAL_RCC_OscConfig  stm32l4xx_hal_rcc.o
    0x0800176c   0x0800176c   0x00000028   Code   RO         3559    i.HAL_SYSTICK_Config  stm32l4xx_hal_cortex.o
    0x08001794   0x08001794   0x0000008c   Code   RO         1656    i.HAL_TIMEx_ConfigBreakDeadTime  stm32l4xx_hal_tim_ex.o
    0x08001820   0x08001820   0x00000060   Code   RO         1673    i.HAL_TIMEx_MasterConfigSynchronization  stm32l4xx_hal_tim_ex.o
    0x08001880   0x08001880   0x000000f4   Code   RO          313    i.HAL_TIM_MspPostInit  stm32l4xx_hal_msp.o
    0x08001974   0x08001974   0x00000128   Code   RO         1080    i.HAL_TIM_PWM_ConfigChannel  stm32l4xx_hal_tim.o
    0x08001a9c   0x08001a9c   0x00000036   Code   RO         1083    i.HAL_TIM_PWM_Init  stm32l4xx_hal_tim.o
    0x08001ad2   0x08001ad2   0x00000002   PAD
    0x08001ad4   0x08001ad4   0x00000070   Code   RO          315    i.HAL_TIM_PWM_MspInit  stm32l4xx_hal_msp.o
    0x08001b44   0x08001b44   0x0000006a   Code   RO         1936    i.HAL_UART_Init     stm32l4xx_hal_uart.o
    0x08001bae   0x08001bae   0x00000002   PAD
    0x08001bb0   0x08001bb0   0x00000064   Code   RO          317    i.HAL_UART_MspInit  stm32l4xx_hal_msp.o
    0x08001c14   0x08001c14   0x000000b0   Code   RO         1944    i.HAL_UART_Transmit  stm32l4xx_hal_uart.o
    0x08001cc4   0x08001cc4   0x00000002   Code   RO          221    i.HardFault_Handler  stm32l4xx_it.o
    0x08001cc6   0x08001cc6   0x00000002   PAD
    0x08001cc8   0x08001cc8   0x0000000c   Code   RO          222    i.I2C1_ER_IRQHandler  stm32l4xx_it.o
    0x08001cd4   0x08001cd4   0x0000000c   Code   RO          223    i.I2C1_EV_IRQHandler  stm32l4xx_it.o
    0x08001ce0   0x08001ce0   0x00000028   Code   RO          551    i.I2C_DMAAbort      stm32l4xx_hal_i2c.o
    0x08001d08   0x08001d08   0x00000054   Code   RO          557    i.I2C_Disable_IRQ   stm32l4xx_hal_i2c.o
    0x08001d5c   0x08001d5c   0x00000022   Code   RO          559    i.I2C_Flush_TXDR    stm32l4xx_hal_i2c.o
    0x08001d7e   0x08001d7e   0x00000088   Code   RO          560    i.I2C_ITAddrCplt    stm32l4xx_hal_i2c.o
    0x08001e06   0x08001e06   0x00000002   PAD
    0x08001e08   0x08001e08   0x000000e0   Code   RO          561    i.I2C_ITError       stm32l4xx_hal_i2c.o
    0x08001ee8   0x08001ee8   0x00000060   Code   RO          562    i.I2C_ITListenCplt  stm32l4xx_hal_i2c.o
    0x08001f48   0x08001f48   0x000000ec   Code   RO          565    i.I2C_ITSlaveCplt   stm32l4xx_hal_i2c.o
    0x08002034   0x08002034   0x00000054   Code   RO          566    i.I2C_ITSlaveSequentialCplt  stm32l4xx_hal_i2c.o
    0x08002088   0x08002088   0x00000084   Code   RO          567    i.I2C_IsAcknowledgeFailed  stm32l4xx_hal_i2c.o
    0x0800210c   0x0800210c   0x0000002a   Code   RO          419    i.I2C_MCP23018W     pump_valve.o
    0x08002136   0x08002136   0x00000250   Code   RO          420    i.I2C_MCP23_Setup   pump_valve.o
    0x08002386   0x08002386   0x00000002   PAD
    0x08002388   0x08002388   0x00000148   Code   RO          421    i.I2C_MCP23_ValveControl  pump_valve.o
    0x080024d0   0x080024d0   0x000003a4   Code   RO          467    i.I2C_Slave         i2c_polling.o
    0x08002874   0x08002874   0x00000120   Code   RO          573    i.I2C_Slave_ISR_IT  stm32l4xx_hal_i2c.o
    0x08002994   0x08002994   0x0000002c   Code   RO          574    i.I2C_TransferConfig  stm32l4xx_hal_i2c.o
    0x080029c0   0x080029c0   0x00000058   Code   RO          575    i.I2C_WaitOnFlagUntilTimeout  stm32l4xx_hal_i2c.o
    0x08002a18   0x08002a18   0x00000084   Code   RO          576    i.I2C_WaitOnRXNEFlagUntilTimeout  stm32l4xx_hal_i2c.o
    0x08002a9c   0x08002a9c   0x0000004c   Code   RO          577    i.I2C_WaitOnSTOPFlagUntilTimeout  stm32l4xx_hal_i2c.o
    0x08002ae8   0x08002ae8   0x00000050   Code   RO          578    i.I2C_WaitOnTXISFlagUntilTimeout  stm32l4xx_hal_i2c.o
    0x08002b38   0x08002b38   0x000000e4   Code   RO           14    i.MX_GPIO_Init      main.o
    0x08002c1c   0x08002c1c   0x00000048   Code   RO           15    i.MX_I2C1_Init      main.o
    0x08002c64   0x08002c64   0x00000044   Code   RO           16    i.MX_I2C2_Init      main.o
    0x08002ca8   0x08002ca8   0x00000044   Code   RO           17    i.MX_I2C3_Init      main.o
    0x08002cec   0x08002cec   0x000000b4   Code   RO           18    i.MX_TIM1_Init      main.o
    0x08002da0   0x08002da0   0x00000068   Code   RO           19    i.MX_TIM2_Init      main.o
    0x08002e08   0x08002e08   0x00000080   Code   RO           20    i.MX_TIM3_Init      main.o
    0x08002e88   0x08002e88   0x0000006c   Code   RO           21    i.MX_TIM4_Init      main.o
    0x08002ef4   0x08002ef4   0x0000002c   Code   RO           22    i.MX_USART2_UART_Init  main.o
    0x08002f20   0x08002f20   0x00000002   Code   RO          224    i.MemManage_Handler  stm32l4xx_it.o
    0x08002f22   0x08002f22   0x00000002   Code   RO          225    i.NMI_Handler       stm32l4xx_it.o
    0x08002f24   0x08002f24   0x00000020   Code   RO         3561    i.NVIC_SetPriority  stm32l4xx_hal_cortex.o
    0x08002f44   0x08002f44   0x000000a8   Code   RO          422    i.PWM_PumpControl   pump_valve.o
    0x08002fec   0x08002fec   0x00000002   Code   RO          226    i.PendSV_Handler    stm32l4xx_it.o
    0x08002fee   0x08002fee   0x00000002   PAD
    0x08002ff0   0x08002ff0   0x0000012c   Code   RO         2668    i.RCCEx_PLLSAI1_Config  stm32l4xx_hal_rcc_ex.o
    0x0800311c   0x0800311c   0x00000108   Code   RO         2669    i.RCCEx_PLLSAI2_Config  stm32l4xx_hal_rcc_ex.o
    0x08003224   0x08003224   0x0000007c   Code   RO         2561    i.RCC_SetFlashLatencyFromMSIRange  stm32l4xx_hal_rcc.o
    0x080032a0   0x080032a0   0x00000002   Code   RO          227    i.SVC_Handler       stm32l4xx_it.o
    0x080032a2   0x080032a2   0x00000004   Code   RO          228    i.SysTick_Handler   stm32l4xx_it.o
    0x080032a6   0x080032a6   0x0000007e   Code   RO           23    i.SystemClock_Config  main.o
    0x08003324   0x08003324   0x00000044   Code   RO         3679    i.SystemInit        system_stm32l4xx.o
    0x08003368   0x08003368   0x000000c0   Code   RO         1098    i.TIM_Base_SetConfig  stm32l4xx_hal_tim.o
    0x08003428   0x08003428   0x0000009c   Code   RO         1107    i.TIM_OC1_SetConfig  stm32l4xx_hal_tim.o
    0x080034c4   0x080034c4   0x00000090   Code   RO         1108    i.TIM_OC2_SetConfig  stm32l4xx_hal_tim.o
    0x08003554   0x08003554   0x00000090   Code   RO         1109    i.TIM_OC3_SetConfig  stm32l4xx_hal_tim.o
    0x080035e4   0x080035e4   0x00000074   Code   RO         1110    i.TIM_OC4_SetConfig  stm32l4xx_hal_tim.o
    0x08003658   0x08003658   0x00000070   Code   RO         1111    i.TIM_OC5_SetConfig  stm32l4xx_hal_tim.o
    0x080036c8   0x080036c8   0x00000070   Code   RO         1112    i.TIM_OC6_SetConfig  stm32l4xx_hal_tim.o
    0x08003738   0x08003738   0x000000c8   Code   RO         1949    i.UART_AdvFeatureConfig  stm32l4xx_hal_uart.o
    0x08003800   0x08003800   0x0000005c   Code   RO         1950    i.UART_CheckIdleState  stm32l4xx_hal_uart.o
    0x0800385c   0x0800385c   0x000002a0   Code   RO         1965    i.UART_SetConfig    stm32l4xx_hal_uart.o
    0x08003afc   0x08003afc   0x00000064   Code   RO         1968    i.UART_WaitOnFlagUntilTimeout  stm32l4xx_hal_uart.o
    0x08003b60   0x08003b60   0x00000002   Code   RO          229    i.UsageFault_Handler  stm32l4xx_it.o
    0x08003b62   0x08003b62   0x00000002   PAD
    0x08003b64   0x08003b64   0x00000028   Code   RO         3881    i.__0sprintf$6      mc_w.l(printf6.o)
    0x08003b8c   0x08003b8c   0x0000000e   Code   RO         4029    i.__scatterload_copy  mc_w.l(handlers.o)
    0x08003b9a   0x08003b9a   0x00000002   Code   RO         4030    i.__scatterload_null  mc_w.l(handlers.o)
    0x08003b9c   0x08003b9c   0x0000000e   Code   RO         4031    i.__scatterload_zeroinit  mc_w.l(handlers.o)
    0x08003baa   0x08003baa   0x00000002   PAD
    0x08003bac   0x08003bac   0x000002f6   Code   RO         3886    i._printf_core      mc_w.l(printf6.o)
    0x08003ea2   0x08003ea2   0x00000024   Code   RO         3887    i._printf_post_padding  mc_w.l(printf6.o)
    0x08003ec6   0x08003ec6   0x0000002e   Code   RO         3888    i._printf_pre_padding  mc_w.l(printf6.o)
    0x08003ef4   0x08003ef4   0x0000000a   Code   RO         3890    i._sputc            mc_w.l(printf6.o)
    0x08003efe   0x08003efe   0x00000002   PAD
    0x08003f00   0x08003f00   0x000000f4   Code   RO           24    i.main              main.o
    0x08003ff4   0x08003ff4   0x0000075a   Code   RO          376    i.recipe_cmd        recipe.o
    0x0800474e   0x0800474e   0x00000002   PAD
    0x08004750   0x08004750   0x00000068   Code   RO          377    i.uint2pin          recipe.o
    0x080047b8   0x080047b8   0x00000040   Data   RO         3680    .constdata          system_stm32l4xx.o
    0x080047f8   0x080047f8   0x00000008   Data   RO         3681    .constdata          system_stm32l4xx.o
    0x08004800   0x08004800   0x00000020   Data   RO         4027    Region$$Table       anon$$obj.o


    Execution Region RW_IRAM1 (Exec base: 0x20000000, Load base: 0x08004820, Size: 0x00000a50, Max: 0x00018000, ABSOLUTE)

    Exec Addr    Load Addr    Size         Type   Attr      Idx    E Section Name        Object

    0x20000000   0x08004820   0x0000000c   Data   RW           28    .data               main.o
    0x2000000c   0x0800482c   0x00000004   Data   RW         2364    .data               stm32l4xx_hal.o
    0x20000010   0x08004830   0x00000004   Data   RW         3682    .data               system_stm32l4xx.o
    0x20000014        -       0x0000025c   Zero   RW           25    .bss                main.o
    0x20000270        -       0x00000080   Zero   RW          378    .bss                recipe.o
    0x200002f0        -       0x00000360   Zero   RW          468    .bss                i2c_polling.o
    0x20000650        -       0x00000400   Zero   RW            1    STACK               startup_stm32l476xx.o


==============================================================================

Image component sizes


      Code (inc. data)   RO Data    RW Data    ZI Data      Debug   Object Name

       932        230          0          0        864       2841   i2c_polling.o
      1370        104          0         12        604     842090   main.o
      1130         34          0          0          0       4541   pump_valve.o
      1986        344          0          0        128       6486   recipe.o
        36          8        392          0       1024        880   startup_stm32l476xx.o
       148         22          0          4          0       4507   stm32l4xx_hal.o
       194         14          0          0          0      30671   stm32l4xx_hal_cortex.o
        78          0          0          0          0       1171   stm32l4xx_hal_dma.o
       476         38          0          0          0       3237   stm32l4xx_hal_gpio.o
      2990         72          0          0          0      24393   stm32l4xx_hal_i2c.o
       168          0          0          0          0       2043   stm32l4xx_hal_i2c_ex.o
       760         80          0          0          0       4519   stm32l4xx_hal_msp.o
       120         20          0          0          0       1458   stm32l4xx_hal_pwr_ex.o
      1764         86          0          0          0       7212   stm32l4xx_hal_rcc.o
      1506         44          0          0          0       4228   stm32l4xx_hal_rcc_ex.o
      1326        180          0          0          0       8842   stm32l4xx_hal_tim.o
       236         16          0          0          0       2372   stm32l4xx_hal_tim_ex.o
      1346         70          0          0          0       6709   stm32l4xx_hal_uart.o
        44         12          0          0          0       5600   stm32l4xx_it.o
        68         12         72          4          0       1373   system_stm32l4xx.o

    ----------------------------------------------------------------------
     16704       1386        496         20       2620     965173   Object Totals
         0          0         32          0          0          0   (incl. Generated)
        26          0          0          0          0          0   (incl. Padding)

    ----------------------------------------------------------------------

      Code (inc. data)   RO Data    RW Data    ZI Data      Debug   Library Member Name

         0          0          0          0          0          0   entry.o
         0          0          0          0          0          0   entry10a.o
         0          0          0          0          0          0   entry11a.o
         8          4          0          0          0          0   entry2.o
         4          0          0          0          0          0   entry5.o
         0          0          0          0          0          0   entry7b.o
         0          0          0          0          0          0   entry8b.o
         8          4          0          0          0          0   entry9a.o
        30          0          0          0          0          0   handlers.o
        36          8          0          0          0         68   init.o
        30          0          0          0          0         68   llshl.o
        32          0          0          0          0         68   llushr.o
        36          0          0          0          0         68   memcpya.o
        36          0          0          0          0        108   memseta.o
       890         10          0          0          0        420   printf6.o
        44          0          0          0          0         80   uidiv.o
       104          0          0          0          0         92   uldiv.o

    ----------------------------------------------------------------------
      1264         26          0          0          0        972   Library Totals
         6          0          0          0          0          0   (incl. Padding)

    ----------------------------------------------------------------------

      Code (inc. data)   RO Data    RW Data    ZI Data      Debug   Library Name

      1258         26          0          0          0        972   mc_w.l

    ----------------------------------------------------------------------
      1264         26          0          0          0        972   Library Totals

    ----------------------------------------------------------------------

==============================================================================


      Code (inc. data)   RO Data    RW Data    ZI Data      Debug   

     17968       1412        496         20       2620     955981   Grand Totals
     17968       1412        496         20       2620     955981   ELF Image Totals
     17968       1412        496         20          0          0   ROM Totals

==============================================================================

    Total RO  Size (Code + RO Data)                18464 (  18.03kB)
    Total RW  Size (RW Data + ZI Data)              2640 (   2.58kB)
    Total ROM Size (Code + RO Data + RW Data)      18484 (  18.05kB)

==============================================================================

